
> vite_react_shadcn_ts@0.0.0 build
> vite build

[36mvite v7.3.1 [32mbuilding client environment for production...[36m[39m
transforming...
[32mΓ£ô[39m 105 modules transformed.
node.exe : 
[31mΓ£ù[39m Build 
failed in 7.25s
At line:1 char:1
+ & "C:\Program 
Files\nodejs/node.exe" 
"C:\Program 
Files\nodejs/node_mo ...
+ ~~~~~~~~~~~~~~~~~~~~~~
~~~~~~~~~~~~~~~~~~~~~~~~
~~~~~~~~~~~~~~~~~~~~~~~
    + CategoryInfo      
        : NotSpecified: 
([3    1mΓ£ù[39m 
Build faile    d in 
7.25s:String) [],     
RemoteException
    + 
FullyQualifiedErrorI    
d : NativeCommandError
 
[31merror during build:
[31mCould not resolve 
"../hooks/useQuestions" 
from "src/modules/learni
ng/pages/SpeakingModule.
tsx"[31m
file: [36mC:/Users/acer
/OneDrive/Desktop/final-
project02/src/modules/le
arning/pages/SpeakingMod
ule.tsx[31m
    at getRollupError (f
ile:///C:/Users/acer/One
Drive/Desktop/final-proj
ect02/node_modules/rollu
p/dist/es/shared/parseAs
t.js:406:41)
    at error (file:///C:
/Users/acer/OneDrive/Des
ktop/final-project02/nod
e_modules/rollup/dist/es
/shared/parseAst.js:402:
42)
    at ModuleLoader.hand
leInvalidResolvedId (fil
e:///C:/Users/acer/OneDr
ive/Desktop/final-projec
t02/node_modules/rollup/
dist/es/shared/node-entr
y.js:22106:24)
    at file:///C:/Users/
acer/OneDrive/Desktop/fi
nal-project02/node_modul
es/rollup/dist/es/shared
/node-entry.js:22066:26
[39m
