C:\Users\acer\OneDrive\Documents\mec\src\pages\AuthPage.tsx: line 104, col 37, Error - Unexpected any. Specify a different type. (@typescript-eslint/no-explicit-any)
C:\Users\acer\OneDrive\Documents\mec\src\pages\AuthPage.tsx: line 204, col 23, Error - Unexpected any. Specify a different type. (@typescript-eslint/no-explicit-any)
C:\Users\acer\OneDrive\Documents\mec\src\pages\AuthPage.tsx: line 228, col 25, Error - Unexpected any. Specify a different type. (@typescript-eslint/no-explicit-any)
