
[1m[46m RUN [49m[22m [36mv3.2.4 [39m[90mC:/Users/acer/OneDrive/Desktop/final-project02[39m

node.exe : [90mstderr[2m 
| src/__tests__/leaderboard
.integration.test.tsx[2m 
> [22m[2mLeaderboard 
Integration[2m > 
[22m[2mshould render 
mock users after loading
At line:1 char:1
+ & "C:\Program 
Files\nodejs/node.exe" 
"C:\Program 
Files\nodejs/node_mo ...
+ ~~~~~~~~~~~~~~~~~~~~~~~~~
~~~~~~~~~~~~~~~~~~~~~~~~~~~
~~~~~~~~~~~~~~~~~
    + CategoryInfo         
     : NotSpecified: ([9  
  0mstderr[2m...s after   
  loading:String) [], R    
emoteException
    + FullyQualifiedErrorI 
   d : NativeCommandError
 
[22m[39mWarning: React 
does not recognize the 
`whileHover` prop on a DOM 
element. If you 
intentionally want it to 
appear in the DOM as a 
custom attribute, spell it 
as lowercase `whilehover` 
instead. If you 
accidentally passed it 
from a parent component, 
remove it from the DOM 
element.
    at button
    at button (C:\Users\ace
r\OneDrive\Desktop\final-pr
oject02\src\test\setup.tsx:
16:24)
    at nav
    at nav (C:\Users\acer\O
neDrive\Desktop\final-proje
ct02\src\test\setup.tsx:32:
21)
    at div
    at Leaderboard (C:\User
s\acer\OneDrive\Desktop\fin
al-project02\src\shared\pag
es\Leaderboard.tsx:108:59)
    at Router (C:\Users\ace
r\OneDrive\Desktop\final-pr
oject02\node_modules\react-
router\dist\umd\react-route
r.development.js:1207:17)
    at MemoryRouter (C:\Use
rs\acer\OneDrive\Desktop\fi
nal-project02\node_modules\
react-router\dist\umd\react
-router.development.js:1101
:7)
    at Provider (file:///C:
/Users/acer/OneDrive/Deskto
p/final-project02/node_modu
les/@radix-ui/react-context
/dist/index.mjs:27:15)
    at TooltipProvider (fil
e:///C:/Users/acer/OneDrive
/Desktop/final-project02/no
de_modules/@radix-ui/react-
tooltip/dist/index.mjs:29:5
)
    at QueryClientProvider 
(file:///C:/Users/acer/OneD
rive/Desktop/final-project0
2/node_modules/@tanstack/re
act-query/build/modern/Quer
yClientProvider.js:20:3)
    at AllTheProviders (C:\
Users\acer\OneDrive\Desktop
\final-project02\src\test\t
estUtils.tsx:23:28)
Warning: React does not 
recognize the `whileTap` 
prop on a DOM element. If 
you intentionally want it 
to appear in the DOM as a 
custom attribute, spell it 
as lowercase `whiletap` 
instead. If you 
accidentally passed it 
from a parent component, 
remove it from the DOM 
element.
    at button
    at button (C:\Users\ace
r\OneDrive\Desktop\final-pr
oject02\src\test\setup.tsx:
16:24)
    at nav
    at nav (C:\Users\acer\O
neDrive\Desktop\final-proje
ct02\src\test\setup.tsx:32:
21)
    at div
    at Leaderboard (C:\User
s\acer\OneDrive\Desktop\fin
al-project02\src\shared\pag
es\Leaderboard.tsx:108:59)
    at Router (C:\Users\ace
r\OneDrive\Desktop\final-pr
oject02\node_modules\react-
router\dist\umd\react-route
r.development.js:1207:17)
    at MemoryRouter (C:\Use
rs\acer\OneDrive\Desktop\fi
nal-project02\node_modules\
react-router\dist\umd\react
-router.development.js:1101
:7)
    at Provider (file:///C:
/Users/acer/OneDrive/Deskto
p/final-project02/node_modu
les/@radix-ui/react-context
/dist/index.mjs:27:15)
    at TooltipProvider (fil
e:///C:/Users/acer/OneDrive
/Desktop/final-project02/no
de_modules/@radix-ui/react-
tooltip/dist/index.mjs:29:5
)
    at QueryClientProvider 
(file:///C:/Users/acer/OneD
rive/Desktop/final-project0
2/node_modules/@tanstack/re
act-query/build/modern/Quer
yClientProvider.js:20:3)
    at AllTheProviders (C:\
Users\acer\OneDrive\Desktop
\final-project02\src\test\t
estUtils.tsx:23:28)
ΓÜá∩╕Å React Router Future 
Flag Warning: React Router 
will begin wrapping state 
updates in 
`React.startTransition` in 
v7. You can use the 
`v7_startTransition` 
future flag to opt-in 
early. For more 
information, see https://re
actrouter.com/v6/upgrading/
future#v7_starttransition.
ΓÜá∩╕Å React Router Future 
Flag Warning: Relative 
route resolution within 
Splat routes is changing 
in v7. You can use the 
`v7_relativeSplatPath` 
future flag to opt-in 
early. For more 
information, see https://re
actrouter.com/v6/upgrading/
future#v7_relativesplatpath
.

[90mstderr[2m | src/__tes
ts__/ai.integration.test.ts
x[2m > 
[22m[2mAITutorPage 
Integration[2m > 
[22m[2mshould send a 
message and receive an AI 
response
[22m[39mΓÜá∩╕Å React 
Router Future Flag 
Warning: React Router will 
begin wrapping state 
updates in 
`React.startTransition` in 
v7. You can use the 
`v7_startTransition` 
future flag to opt-in 
early. For more 
information, see https://re
actrouter.com/v6/upgrading/
future#v7_starttransition.
ΓÜá∩╕Å React Router Future 
Flag Warning: Relative 
route resolution within 
Splat routes is changing 
in v7. You can use the 
`v7_relativeSplatPath` 
future flag to opt-in 
early. For more 
information, see https://re
actrouter.com/v6/upgrading/
future#v7_relativesplatpath
.

 [31mΓ¥»[39m src/__tests__/ai.integration.test.tsx [2m([22m[2m2 tests[22m[2m | [22m[31m2 failed[39m[2m)[22m[33m 736[2mms[22m[39m
[31m   [31m├ù[31m AITutorPage Integration[2m > [22mshould send a message and receive an AI response[39m[33m 626[2mms[22m[39m
[31m     ΓåÆ Found multiple elements with the role "button"

Here are the matching elements:

Ignored nodes: comments, script, style
[36m<button[31m
  [33mclass[31m=[32m"flex items-center gap-2 text-sm text-muted-foreground hover:text-foreground transition-colors group"[31m
[36m>[31m
  [36m<svg[31m
    [33mclass[31m=[32m"lucide lucide-arrow-left h-4 w-4 transition-transform group-hover:-translate-x-1"[31m
    [33mfill[31m=[32m"none"[31m
    [33mheight[31m=[32m"24"[31m
    [33mstroke[31m=[32m"currentColor"[31m
    [33mstroke-linecap[31m=[32m"round"[31m
    [33mstroke-linejoin[31m=[32m"round"[31m
    [33mstroke-width[31m=[32m"2"[31m
    [33mviewBox[31m=[32m"0 0 24 24"[31m
    [33mwidth[31m=[32m"24"[31m
    [33mxmlns[31m=[32m"http://www.w3.org/2000/svg"[31m
  [36m>[31m
    [36m<path[31m
      [33md[31m=[32m"m12 19-7-7 7-7"[31m
    [36m/>[31m
    [36m<path[31m
      [33md[31m=[32m"M19 12H5"[31m
    [36m/>[31m
  [36m</svg>[31m
  [0mDashboard[0m
[36m</button>[31m

Ignored nodes: comments, script, style
[36m<button[31m
  [33mclass[31m=[32m"snap-start shrink-0 flex items-center gap-2 glass rounded-full px-4 py-2 text-xs font-medium text-violet-200 hover:bg-violet-500/20 transition-colors border border-violet-500/20 hover:border-violet-500/40"[31m
[36m>[31m
  [36m<svg[31m
    [33mclass[31m=[32m"lucide lucide-book-open w-3.5 h-3.5 text-violet-400"[31m
    [33mfill[31m=[32m"none"[31m
    [33mheight[31m=[32m"24"[31m
    [33mstroke[31m=[32m"currentColor"[31m
    [33mstroke-linecap[31m=[32m"round"[31m
    [33mstroke-linejoin[31m=[32m"round"[31m
    [33mstroke-width[31m=[32m"2"[31m
    [33mviewBox[31m=[32m"0 0 24 24"[31m
    [33mwidth[31m=[32m"24"[31m
    [33mxmlns[31m=[32m"http://www.w3.org/2000/svg"[31m
  [36m>[31m
    [36m<path[31m
      [33md[31m=[32m"M12 7v14"[31m
    [36m/>[31m
    [36m<path[31m
      [33md[31m=[32m"M3 18a1 1 0 0 1-1-1V4a1 1 0 0 1 1-1h5a4 4 0 0 1 4 4 4 4 0 0 1 4-4h5a1 1 0 0 1 1 1v13a1 1 0 0 1-1 1h-6a3 3 0 0 0-3 3 3 3 0 0 0-3-3z"[31m
    [36m/>[31m
  [36m</svg>[31m
  [0mExplain Present Perfect Tense[0m
[36m</button>[31m

Ignored nodes: comments, script, style
[36m<button[31m
  [33mclass[31m=[32m"snap-start shrink-0 flex items-center gap-2 glass rounded-full px-4 py-2 text-xs font-medium text-violet-200 hover:bg-violet-500/20 transition-colors border border-violet-500/20 hover:border-violet-500/40"[31m
[36m>[31m
  [36m<svg[31m
    [33mclass[31m=[32m"lucide lucide-pen-tool w-3.5 h-3.5 text-violet-400"[31m
    [33mfill[31m=[32m"none"[31m
    [33mheight[31m=[32m"24"[31m
    [33mstroke[31m=[32m"currentColor"[31m
    [33mstroke-linecap[31m=[32m"round"[31m
    [33mstroke-linejoin[31m=[32m"round"[31m
    [33mstroke-width[31m=[32m"2"[31m
    [33mviewBox[31m=[32m"0 0 24 24"[31m
    [33mwidth[31m=[32m"24"[31m
    [33mxmlns[31m=[32m"http://www.w3.org/2000/svg"[31m
  [36m>[31m
    [36m<path[31m
      [33md[31m=[32m"M15.707 21.293a1 1 0 0 1-1.414 0l-1.586-1.586a1 1 0 0 1 0-1.414l5.586-5.586a1 1 0 0 1 1.414 0l1.586 1.586a1 1 0 0 1 0 1.414z"[31m
    [36m/>[31m
    [36m<path[31m
      [33md[31m=[32m"m18 13-1.375-6.874a1 1 0 0 0-.746-.776L3.235 2.028a1 1 0 0 0-1.207 1.207L5.35 15.879a1 1 0 0 0 .776.746L13 18"[31m
    [36m/>[31m
    [36m<path[31m
      [33md[31m=[32m"m2.3 2.3 7.286 7.286"[31m
    [36m/>[31m
    [36m<circle[31m
      [33mcx[31m=[32m"11"[31m
      [33mcy[31m=[32m"11"[31m
      [33mr[31m=[32m"2"[31m
    [36m/>[31m
  [36m</svg>[31m
  [0mReview my essay structure[0m
[36m</button>[31m

Ignored nodes: comments, script, style
[36m<button[31m
  [33mclass[31m=[32m"snap-start shrink-0 flex items-center gap-2 glass rounded-full px-4 py-2 text-xs font-medium text-violet-200 hover:bg-violet-500/20 transition-colors border border-violet-500/20 hover:border-violet-500/40"[31m
[36m>[31m
  [36m<svg[31m
    [33mclass[31m=[32m"lucide lucide-sparkles w-3.5 h-3.5 text-violet-400"[31m
    [33mfill[31m=[32m"none"[31m
    [33mheight[31m=[32m"24"[31m
    [33mstroke[31m=[32m"currentColor"[31m
    [33mstroke-linecap[31m=[32m"round"[31m
    [33mstroke-linejoin[31m=[32m"round"[31m
    [33mstroke-width[31m=[32m"2"[31m
    [33mviewBox[31m=[32m"0 0 24 24"[31m
    [33mwidth[31m=[32m"24"[31m
    [33mxmlns[31m=[32m"http://www.w3.org/2000/svg"[31m
  [36m>[31m
    [36m<path[31m
      [33md[31m=[32m"M9.937 15.5A2 2 0 0 0 8.5 14.063l-6.135-1.582a.5.5 0 0 1 0-.962L8.5 9.936A2 2 0 0 0 9.937 8.5l1.582-6.135a.5.5 0 0 1 .963 0L14.063 8.5A2 2 0 0 0 15.5 9.937l6.135 1.581a.5.5 0 0 1 0 .964L15.5 14.063a2 2 0 0 0-1.437 1.437l-1.582 6.135a.5.5 0 0 1-.963 0z"[31m
    [36m/>[31m
    [36m<path[31m
      [33md[31m=[32m"M20 3v4"[31m
    [36m/>[31m
    [36m<path[31m
      [33md[31m=[32m"M22 5h-4"[31m
    [36m/>[31m
    [36m<path[31m
      [33md[31m=[32m"M4 17v2"[31m
    [36m/>[31m
    [36m<path[31m
      [33md[31m=[32m"M5 18H3"[31m
    [36m/>[31m
  [36m</svg>[31m
  [0mHow to improve vocabulary?[0m
[36m</button>[31m

Ignored nodes: comments, script, style
[36m<button[31m
  [33mclass[31m=[32m"snap-start shrink-0 flex items-center gap-2 glass rounded-full px-4 py-2 text-xs font-medium text-violet-200 hover:bg-violet-500/20 transition-colors border border-violet-500/20 hover:border-violet-500/40"[31m
[36m>[31m
  [36m<svg[31m
    [33mclass[31m=[32m"lucide lucide-mic w-3.5 h-3.5 text-violet-400"[31m
    [33mfill[31m=[32m"none"[31m
    [33mheight[31m=[32m"24"[31m
    [33mstroke[31m=[32m"currentColor"[31m
    [33mstroke-linecap[31m=[32m"round"[31m
    [33mstroke-linejoin[31m=[32m"round"[31m
    [33mstroke-width[31m=[32m"2"[31m
    [33mviewBox[31m=[32m"0 0 24 24"[31m
    [33mwidth[31m=[32m"24"[31m
    [33mxmlns[31m=[32m"http://www.w3.org/2000/svg"[31m
  [36m>[31m
    [36m<path[31m
      [33md[31m=[32m"M12 2a3 3 0 0 0-3 3v7a3 3 0 0 0 6 0V5a3 3 0 0 0-3-3Z"[31m
    [36m/>[31m
    [36m<path[31m
      [33md[31m=[32m"M19 10v2a7 7 0 0 1-14 0v-2"[31m
    [36m/>[31m
    [36m<line[31m
      [33mx1[31m=[32m"12"[31m
      [33mx2[31m=[32m"12"[31m
      [33my1[31m=[32m"19"[31m
      [33my2[31m=[32m"22"[31m
    [36m/>[31m
  [36m</svg>[31m
  [0mTips for speaking fluently[0m
[36m</button>[31m

Ignored nodes: comments, script, style
[36m<button[31m
  [33mclass[31m=[32m"shrink-0 h-14 w-14 rounded-2xl flex items-center justify-center transition-all disabled:opacity-50 disabled:cursor-not-allowed group"[31m
  [33mdisabled[31m=[32m""[31m
  [33mstyle[31m=[32m"background: rgba(255, 255, 255, 0.05); box-shadow: none;"[31m
[36m>[31m
  [36m<svg[31m
    [33mclass[31m=[32m"lucide lucide-send w-5 h-5 text-muted-foreground"[31m
    [33mfill[31m=[32m"none"[31m
    [33mheight[31m=[32m"24"[31m
    [33mstroke[31m=[32m"currentColor"[31m
    [33mstroke-linecap[31m=[32m"round"[31m
    [33mstroke-linejoin[31m=[32m"round"[31m
    [33mstroke-width[31m=[32m"2"[31m
    [33mviewBox[31m=[32m"0 0 24 24"[31m
    [33mwidth[31m=[32m"24"[31m
    [33mxmlns[31m=[32m"http://www.w3.org/2000/svg"[31m
  [36m>[31m
    [36m<path[31m
      [33md[31m=[32m"M14.536 21.686a.5.5 0 0 0 .937-.024l6.5-19a.496.496 0 0 0-.635-.635l-19 6.5a.5.5 0 0 0-.024.937l7.93 3.18a2 2 0 0 1 1.112 1.11z"[31m
    [36m/>[31m
    [36m<path[31m
      [33md[31m=[32m"m21.854 2.147-10.94 10.939"[31m
    [36m/>[31m
  [36m</svg>[31m
[36m</button>[31m

(If this is intentional, then use the `*AllBy*` variant of the query (like `queryAllByText`, `getAllByText`, or `findAllByText`)).

Ignored nodes: comments, script, style
[36m<body>[31m
  [36m<div>[31m
    [36m<div[31m
      [33mclass[31m=[32m"min-h-screen animated-bg flex flex-col relative pb-safe text-foreground"[31m
    [36m>[31m
      [36m<div[31m
        [33mclass[31m=[32m"orb orb-violet w-[350px] h-[350px] -top-20 right-20 float opacity-30 pointer-events-none"[31m
      [36m/>[31m
      [36m<div[31m
        [33mclass[31m=[32m"orb orb-cyan w-[250px] h-[250px] bottom-40 -left-10 float-delayed opacity-20 pointer-events-none"[31m
      [36m/>[31m
      [36m<header[31m
        [33mclass[31m=[32m"glass-strong sticky top-0 z-50 border-b border-border/50 backdrop-blur-3xl"[31m
      [36m>[31m
        [36m<div[31m
          [33mclass[31m=[32m"container mx-auto flex items-center justify-between px-6 py-4 max-w-4xl"[31m
        [36m>[31m
          [36m<button[31m
            [33mclass[31m=[32m"flex items-center gap-2 text-sm text-muted-foreground hover:text-foreground transition-colors group"[31m
          [36m>[31m
            [36m<svg[31m
              [33mclass[31m=[32m"lucide lucide-arrow-left h-4 w-4 transition-transform group-hover:-translate-x-1"[31m
              [33mfill[31m=[32m"none"[31m
              [33mheight[31m=[32m"24"[31m
              [33mstroke[31m=[32m"currentColor"[31m
              [33mstroke-linecap[31m=[32m"round"[31m
              [33mstroke-linejoin[31m=[32m"round"[31m
              [33mstroke-width[31m=[32m"2"[31m
              [33mviewBox[31m=[32m"0 0 24 24"[31m
              [33mwidth[31m=[32m"24"[31m
              [33mxmlns[31m=[32m"http://www.w3.org/2000/svg"[31m
            [36m>[31m
              [36m<path[31m
                [33md[31m=[32m"m12 19-7-7 7-7"[31m
              [36m/>[31m
              [36m<path[31m
                [33md[31m=[32m"M19 12H5"[31m
              [36m/>[31m
            [36m</svg>[31m
            [0mDashboard[0m
          [36m</button>[31m
          [36m<div[31m
            [33mclass[31m=[32m"flex items-center gap-3"[31m
          [36m>[31m
            [36m<div[31m
              [33mclass[31m=[32m"relative"[31m
            [36m>[31m
              [36m<div[31m
                [33mclass[31m=[32m"w-10 h-10 rounded-full flex items-center justify-center bg-gradient-to-br from-violet-500 to-fuchsia-600 shadow-[0_0_15px_rgba(139,92,246,0.4)]"[31m
              [36m>[31m
                [36m<svg[31m
                  [33mclass[31m=[32m"lucide lucide-bot w-5 h-5 text-white"[31m
                  [33mfill[31m=[32m"none"[31m
                  [33mheight[31m=[32m"24"[31m
                  [33mstroke[31m=[32m"currentColor"[31m
                  [33mstroke-linecap[31m=[32m"round"[31m
                  [33mstroke-linejoin[31m=[32m"round"[31m
                  [33mstroke-width[31m=[32m"2"[31m
                  [33mviewBox[31m=[32m"0 0 24 24"[31m
                  [33mwidth[31m=[32m"24"[31m
                  [33mxmlns[31m=[32m"http://www.w3.org/2000/svg"[31m
                [36m>[31m
                  [36m<path[31m
                    [33md[31m=[32m"M12 8V4H8"[31m
                  [36m/>[31m
                  [36m<rect[31m
                    [33mheight[31m=[32m"12"[31m
                    [33mrx[31m=[32m"2"[31m
                    [33mwidth[31m=[32m"16"[31m
                    [33mx[31m=[32m"4"[31m
                    [33my[31m=[32m"8"[31m
                  [36m/>[31m
                  [36m<path[31m
                    [33md[31m=[32m"M2 14h2"[31m
                  [36m/>[31m
                  [36m<path[31m
                    [33md[31m=[32m"M20 14h2"[31m
                  [36m/>[31m
                  [36m<path[31m
                    [33md[31m=[32m"M15 13v2"[31m
                  [36m/>[31m
                  [36m<path[31m
                    [33md[31m=[32m"M9 13v2"[31m
                  [36m/>[31m
                [36m</svg>[31m
              [36m</div>[31m
              [36m<span[31m
                [33mclass[31m=[32m"absolute bottom-0 right-0 w-3 h-3 bg-green-500 border-2 border-[#120a1f] rounded-full"[31m
              [36m/>[31m
            [36m</div>[31m
            [36m<div[31m
              [33mclass[31m=[32m"flex flex-col"[31m
            [36m>[31m
              [36m<span[31m
                [33mclass[31m=[32m"text-sm font-bold font-poppins text-foreground tracking-wide"[31m
              [36m>[31m
                [0mFluent AI Tutor[0m
              [36m</span>[31m
              [36m<span[31m
                [33mclass[31m=[32m"text-[10px] text-green-400 font-medium"[31m
              [36m>[31m
                [0mOnline[0m
              [36m</span>[31m
            [36m</div>[31m
          [36m</div>[31m
          [36m<div[31m
            [33mclass[31m=[32m"w-20"[31m
          [36m/>[31m
          [0m [0m
        [36m</div>[31m
      [36m</header>[31m
      [36m<main[31m
        [33mclass[31m=[32m"flex-1 overflow-y-auto px-4 py-8 relative z-10 w-full max-w-4xl mx-auto scroll-smooth"[31m
      [36m>[31m
        [36m<div[31m
          [33mclass[31m=[32m"flex flex-col gap-6"[31m
        [36m>[31m
          [36m<div[31m
            [33manimate[31m=[32m"[object Object]"[31m
            [33mclass[31m=[32m"flex items-end gap-3 max-w-[85%] mr-auto"[31m
            [33minitial[31m=[32m"[object Object]"[31m
          [36m>[31m
            [36m<div[31m
              [33mclass[31m=[32m"shrink-0 w-8 h-8 rounded-full flex items-center justify-center bg-violet-500/20"[31m
            [36m>[31m
              [36m<svg[31m
                [33mclass[31m=[32m"lucide lucide-bot w-4 h-4 text-violet-400"[31m
                [33mfill[31m=[32m"none"[31m
                [33mheight[31m=[32m"24"[31m
                [33mstroke[31m=[32m"currentColor"[31m
                [33mstroke-linecap[31m=[32m"round"[31m
                [33mstroke-linejoin[31m=[32m"round"[31m
                [33mstroke-width[31m=[32m"2"[31m
                [33mviewBox[31m=[32m"0 0 24 24"[31m
                [33mwidth[31m=[32m"24"[31m
                [33mxmlns[31m=[32m"http://www.w3.org/2000/svg"[31m
              [36m>[31m
                [36m<path[31m
                  [33md[31m=[32m"M12 8V4H8"[31m
                [36m/>[31m
                [36m<rect[31m
                  [33mheight[31m=[32m"12"[31m
                  [33mrx[31m=[32m"2"[31m
                  [33mwidth[31m=[32m"16"[31m
                  [33mx[31m=[32m"4"[31m
                  [33my[31m=[32m"8"[31m
                [36m/>[31m
                [36m<path[31m
                  [33md[31m=[32m"M2 14h2"[31m
                [36m/>[31m
                [36m<path[31m
                  [33md[31m=[32m"M20 14h2"[31m
                [36m/>[31m
                [36m<p...[39m
[31m   [31m├ù[31m AITutorPage Integration[2m > [22mshould handle AI service errors[39m[32m 107[2mms[22m[39m
[31m     ΓåÆ Found multiple elements with the role "button"

Here are the matching elements:

Ignored nodes: comments, script, style
[36m<button[31m
  [33mclass[31m=[32m"flex items-center gap-2 text-sm text-muted-foreground hover:text-foreground transition-colors group"[31m
[36m>[31m
  [36m<svg[31m
    [33mclass[31m=[32m"lucide lucide-arrow-left h-4 w-4 transition-transform group-hover:-translate-x-1"[31m
    [33mfill[31m=[32m"none"[31m
    [33mheight[31m=[32m"24"[31m
    [33mstroke[31m=[32m"currentColor"[31m
    [33mstroke-linecap[31m=[32m"round"[31m
    [33mstroke-linejoin[31m=[32m"round"[31m
    [33mstroke-width[31m=[32m"2"[31m
    [33mviewBox[31m=[32m"0 0 24 24"[31m
    [33mwidth[31m=[32m"24"[31m
    [33mxmlns[31m=[32m"http://www.w3.org/2000/svg"[31m
  [36m>[31m
    [36m<path[31m
      [33md[31m=[32m"m12 19-7-7 7-7"[31m
    [36m/>[31m
    [36m<path[31m
      [33md[31m=[32m"M19 12H5"[31m
    [36m/>[31m
  [36m</svg>[31m
  [0mDashboard[0m
[36m</button>[31m

Ignored nodes: comments, script, style
[36m<button[31m
  [33mclass[31m=[32m"snap-start shrink-0 flex items-center gap-2 glass rounded-full px-4 py-2 text-xs font-medium text-violet-200 hover:bg-violet-500/20 transition-colors border border-violet-500/20 hover:border-violet-500/40"[31m
[36m>[31m
  [36m<svg[31m
    [33mclass[31m=[32m"lucide lucide-book-open w-3.5 h-3.5 text-violet-400"[31m
    [33mfill[31m=[32m"none"[31m
    [33mheight[31m=[32m"24"[31m
    [33mstroke[31m=[32m"currentColor"[31m
    [33mstroke-linecap[31m=[32m"round"[31m
    [33mstroke-linejoin[31m=[32m"round"[31m
    [33mstroke-width[31m=[32m"2"[31m
    [33mviewBox[31m=[32m"0 0 24 24"[31m
    [33mwidth[31m=[32m"24"[31m
    [33mxmlns[31m=[32m"http://www.w3.org/2000/svg"[31m
  [36m>[31m
    [36m<path[31m
      [33md[31m=[32m"M12 7v14"[31m
    [36m/>[31m
    [36m<path[31m
      [33md[31m=[32m"M3 18a1 1 0 0 1-1-1V4a1 1 0 0 1 1-1h5a4 4 0 0 1 4 4 4 4 0 0 1 4-4h5a1 1 0 0 1 1 1v13a1 1 0 0 1-1 1h-6a3 3 0 0 0-3 3 3 3 0 0 0-3-3z"[31m
    [36m/>[31m
  [36m</svg>[31m
  [0mExplain Present Perfect Tense[0m
[36m</button>[31m

Ignored nodes: comments, script, style
[36m<button[31m
  [33mclass[31m=[32m"snap-start shrink-0 flex items-center gap-2 glass rounded-full px-4 py-2 text-xs font-medium text-violet-200 hover:bg-violet-500/20 transition-colors border border-violet-500/20 hover:border-violet-500/40"[31m
[36m>[31m
  [36m<svg[31m
    [33mclass[31m=[32m"lucide lucide-pen-tool w-3.5 h-3.5 text-violet-400"[31m
    [33mfill[31m=[32m"none"[31m
    [33mheight[31m=[32m"24"[31m
    [33mstroke[31m=[32m"currentColor"[31m
    [33mstroke-linecap[31m=[32m"round"[31m
    [33mstroke-linejoin[31m=[32m"round"[31m
    [33mstroke-width[31m=[32m"2"[31m
    [33mviewBox[31m=[32m"0 0 24 24"[31m
    [33mwidth[31m=[32m"24"[31m
    [33mxmlns[31m=[32m"http://www.w3.org/2000/svg"[31m
  [36m>[31m
    [36m<path[31m
      [33md[31m=[32m"M15.707 21.293a1 1 0 0 1-1.414 0l-1.586-1.586a1 1 0 0 1 0-1.414l5.586-5.586a1 1 0 0 1 1.414 0l1.586 1.586a1 1 0 0 1 0 1.414z"[31m
    [36m/>[31m
    [36m<path[31m
      [33md[31m=[32m"m18 13-1.375-6.874a1 1 0 0 0-.746-.776L3.235 2.028a1 1 0 0 0-1.207 1.207L5.35 15.879a1 1 0 0 0 .776.746L13 18"[31m
    [36m/>[31m
    [36m<path[31m
      [33md[31m=[32m"m2.3 2.3 7.286 7.286"[31m
    [36m/>[31m
    [36m<circle[31m
      [33mcx[31m=[32m"11"[31m
      [33mcy[31m=[32m"11"[31m
      [33mr[31m=[32m"2"[31m
    [36m/>[31m
  [36m</svg>[31m
  [0mReview my essay structure[0m
[36m</button>[31m

Ignored nodes: comments, script, style
[36m<button[31m
  [33mclass[31m=[32m"snap-start shrink-0 flex items-center gap-2 glass rounded-full px-4 py-2 text-xs font-medium text-violet-200 hover:bg-violet-500/20 transition-colors border border-violet-500/20 hover:border-violet-500/40"[31m
[36m>[31m
  [36m<svg[31m
    [33mclass[31m=[32m"lucide lucide-sparkles w-3.5 h-3.5 text-violet-400"[31m
    [33mfill[31m=[32m"none"[31m
    [33mheight[31m=[32m"24"[31m
    [33mstroke[31m=[32m"currentColor"[31m
    [33mstroke-linecap[31m=[32m"round"[31m
    [33mstroke-linejoin[31m=[32m"round"[31m
    [33mstroke-width[31m=[32m"2"[31m
    [33mviewBox[31m=[32m"0 0 24 24"[31m
    [33mwidth[31m=[32m"24"[31m
    [33mxmlns[31m=[32m"http://www.w3.org/2000/svg"[31m
  [36m>[31m
    [36m<path[31m
      [33md[31m=[32m"M9.937 15.5A2 2 0 0 0 8.5 14.063l-6.135-1.582a.5.5 0 0 1 0-.962L8.5 9.936A2 2 0 0 0 9.937 8.5l1.582-6.135a.5.5 0 0 1 .963 0L14.063 8.5A2 2 0 0 0 15.5 9.937l6.135 1.581a.5.5 0 0 1 0 .964L15.5 14.063a2 2 0 0 0-1.437 1.437l-1.582 6.135a.5.5 0 0 1-.963 0z"[31m
    [36m/>[31m
    [36m<path[31m
      [33md[31m=[32m"M20 3v4"[31m
    [36m/>[31m
    [36m<path[31m
      [33md[31m=[32m"M22 5h-4"[31m
    [36m/>[31m
    [36m<path[31m
      [33md[31m=[32m"M4 17v2"[31m
    [36m/>[31m
    [36m<path[31m
      [33md[31m=[32m"M5 18H3"[31m
    [36m/>[31m
  [36m</svg>[31m
  [0mHow to improve vocabulary?[0m
[36m</button>[31m

Ignored nodes: comments, script, style
[36m<button[31m
  [33mclass[31m=[32m"snap-start shrink-0 flex items-center gap-2 glass rounded-full px-4 py-2 text-xs font-medium text-violet-200 hover:bg-violet-500/20 transition-colors border border-violet-500/20 hover:border-violet-500/40"[31m
[36m>[31m
  [36m<svg[31m
    [33mclass[31m=[32m"lucide lucide-mic w-3.5 h-3.5 text-violet-400"[31m
    [33mfill[31m=[32m"none"[31m
    [33mheight[31m=[32m"24"[31m
    [33mstroke[31m=[32m"currentColor"[31m
    [33mstroke-linecap[31m=[32m"round"[31m
    [33mstroke-linejoin[31m=[32m"round"[31m
    [33mstroke-width[31m=[32m"2"[31m
    [33mviewBox[31m=[32m"0 0 24 24"[31m
    [33mwidth[31m=[32m"24"[31m
    [33mxmlns[31m=[32m"http://www.w3.org/2000/svg"[31m
  [36m>[31m
    [36m<path[31m
      [33md[31m=[32m"M12 2a3 3 0 0 0-3 3v7a3 3 0 0 0 6 0V5a3 3 0 0 0-3-3Z"[31m
    [36m/>[31m
    [36m<path[31m
      [33md[31m=[32m"M19 10v2a7 7 0 0 1-14 0v-2"[31m
    [36m/>[31m
    [36m<line[31m
      [33mx1[31m=[32m"12"[31m
      [33mx2[31m=[32m"12"[31m
      [33my1[31m=[32m"19"[31m
      [33my2[31m=[32m"22"[31m
    [36m/>[31m
  [36m</svg>[31m
  [0mTips for speaking fluently[0m
[36m</button>[31m

Ignored nodes: comments, script, style
[36m<button[31m
  [33mclass[31m=[32m"shrink-0 h-14 w-14 rounded-2xl flex items-center justify-center transition-all disabled:opacity-50 disabled:cursor-not-allowed group"[31m
  [33mdisabled[31m=[32m""[31m
  [33mstyle[31m=[32m"background: rgba(255, 255, 255, 0.05); box-shadow: none;"[31m
[36m>[31m
  [36m<svg[31m
    [33mclass[31m=[32m"lucide lucide-send w-5 h-5 text-muted-foreground"[31m
    [33mfill[31m=[32m"none"[31m
    [33mheight[31m=[32m"24"[31m
    [33mstroke[31m=[32m"currentColor"[31m
    [33mstroke-linecap[31m=[32m"round"[31m
    [33mstroke-linejoin[31m=[32m"round"[31m
    [33mstroke-width[31m=[32m"2"[31m
    [33mviewBox[31m=[32m"0 0 24 24"[31m
    [33mwidth[31m=[32m"24"[31m
    [33mxmlns[31m=[32m"http://www.w3.org/2000/svg"[31m
  [36m>[31m
    [36m<path[31m
      [33md[31m=[32m"M14.536 21.686a.5.5 0 0 0 .937-.024l6.5-19a.496.496 0 0 0-.635-.635l-19 6.5a.5.5 0 0 0-.024.937l7.93 3.18a2 2 0 0 1 1.112 1.11z"[31m
    [36m/>[31m
    [36m<path[31m
      [33md[31m=[32m"m21.854 2.147-10.94 10.939"[31m
    [36m/>[31m
  [36m</svg>[31m
[36m</button>[31m

(If this is intentional, then use the `*AllBy*` variant of the query (like `queryAllByText`, `getAllByText`, or `findAllByText`)).

Ignored nodes: comments, script, style
[36m<body>[31m
  [36m<div>[31m
    [36m<div[31m
      [33mclass[31m=[32m"min-h-screen animated-bg flex flex-col relative pb-safe text-foreground"[31m
    [36m>[31m
      [36m<div[31m
        [33mclass[31m=[32m"orb orb-violet w-[350px] h-[350px] -top-20 right-20 float opacity-30 pointer-events-none"[31m
      [36m/>[31m
      [36m<div[31m
        [33mclass[31m=[32m"orb orb-cyan w-[250px] h-[250px] bottom-40 -left-10 float-delayed opacity-20 pointer-events-none"[31m
      [36m/>[31m
      [36m<header[31m
        [33mclass[31m=[32m"glass-strong sticky top-0 z-50 border-b border-border/50 backdrop-blur-3xl"[31m
      [36m>[31m
        [36m<div[31m
          [33mclass[31m=[32m"container mx-auto flex items-center justify-between px-6 py-4 max-w-4xl"[31m
        [36m>[31m
          [36m<button[31m
            [33mclass[31m=[32m"flex items-center gap-2 text-sm text-muted-foreground hover:text-foreground transition-colors group"[31m
          [36m>[31m
            [36m<svg[31m
              [33mclass[31m=[32m"lucide lucide-arrow-left h-4 w-4 transition-transform group-hover:-translate-x-1"[31m
              [33mfill[31m=[32m"none"[31m
              [33mheight[31m=[32m"24"[31m
              [33mstroke[31m=[32m"currentColor"[31m
              [33mstroke-linecap[31m=[32m"round"[31m
              [33mstroke-linejoin[31m=[32m"round"[31m
              [33mstroke-width[31m=[32m"2"[31m
              [33mviewBox[31m=[32m"0 0 24 24"[31m
              [33mwidth[31m=[32m"24"[31m
              [33mxmlns[31m=[32m"http://www.w3.org/2000/svg"[31m
            [36m>[31m
              [36m<path[31m
                [33md[31m=[32m"m12 19-7-7 7-7"[31m
              [36m/>[31m
              [36m<path[31m
                [33md[31m=[32m"M19 12H5"[31m
              [36m/>[31m
            [36m</svg>[31m
            [0mDashboard[0m
          [36m</button>[31m
          [36m<div[31m
            [33mclass[31m=[32m"flex items-center gap-3"[31m
          [36m>[31m
            [36m<div[31m
              [33mclass[31m=[32m"relative"[31m
            [36m>[31m
              [36m<div[31m
                [33mclass[31m=[32m"w-10 h-10 rounded-full flex items-center justify-center bg-gradient-to-br from-violet-500 to-fuchsia-600 shadow-[0_0_15px_rgba(139,92,246,0.4)]"[31m
              [36m>[31m
                [36m<svg[31m
                  [33mclass[31m=[32m"lucide lucide-bot w-5 h-5 text-white"[31m
                  [33mfill[31m=[32m"none"[31m
                  [33mheight[31m=[32m"24"[31m
                  [33mstroke[31m=[32m"currentColor"[31m
                  [33mstroke-linecap[31m=[32m"round"[31m
                  [33mstroke-linejoin[31m=[32m"round"[31m
                  [33mstroke-width[31m=[32m"2"[31m
                  [33mviewBox[31m=[32m"0 0 24 24"[31m
                  [33mwidth[31m=[32m"24"[31m
                  [33mxmlns[31m=[32m"http://www.w3.org/2000/svg"[31m
                [36m>[31m
                  [36m<path[31m
                    [33md[31m=[32m"M12 8V4H8"[31m
                  [36m/>[31m
                  [36m<rect[31m
                    [33mheight[31m=[32m"12"[31m
                    [33mrx[31m=[32m"2"[31m
                    [33mwidth[31m=[32m"16"[31m
                    [33mx[31m=[32m"4"[31m
                    [33my[31m=[32m"8"[31m
                  [36m/>[31m
                  [36m<path[31m
                    [33md[31m=[32m"M2 14h2"[31m
                  [36m/>[31m
                  [36m<path[31m
                    [33md[31m=[32m"M20 14h2"[31m
                  [36m/>[31m
                  [36m<path[31m
                    [33md[31m=[32m"M15 13v2"[31m
                  [36m/>[31m
                  [36m<path[31m
                    [33md[31m=[32m"M9 13v2"[31m
                  [36m/>[31m
                [36m</svg>[31m
              [36m</div>[31m
              [36m<span[31m
                [33mclass[31m=[32m"absolute bottom-0 right-0 w-3 h-3 bg-green-500 border-2 border-[#120a1f] rounded-full"[31m
              [36m/>[31m
            [36m</div>[31m
            [36m<div[31m
              [33mclass[31m=[32m"flex flex-col"[31m
            [36m>[31m
              [36m<span[31m
                [33mclass[31m=[32m"text-sm font-bold font-poppins text-foreground tracking-wide"[31m
              [36m>[31m
                [0mFluent AI Tutor[0m
              [36m</span>[31m
              [36m<span[31m
                [33mclass[31m=[32m"text-[10px] text-green-400 font-medium"[31m
              [36m>[31m
                [0mOnline[0m
              [36m</span>[31m
            [36m</div>[31m
          [36m</div>[31m
          [36m<div[31m
            [33mclass[31m=[32m"w-20"[31m
          [36m/>[31m
          [0m [0m
        [36m</div>[31m
      [36m</header>[31m
      [36m<main[31m
        [33mclass[31m=[32m"flex-1 overflow-y-auto px-4 py-8 relative z-10 w-full max-w-4xl mx-auto scroll-smooth"[31m
      [36m>[31m
        [36m<div[31m
          [33mclass[31m=[32m"flex flex-col gap-6"[31m
        [36m>[31m
          [36m<div[31m
            [33manimate[31m=[32m"[object Object]"[31m
            [33mclass[31m=[32m"flex items-end gap-3 max-w-[85%] mr-auto"[31m
            [33minitial[31m=[32m"[object Object]"[31m
          [36m>[31m
            [36m<div[31m
              [33mclass[31m=[32m"shrink-0 w-8 h-8 rounded-full flex items-center justify-center bg-violet-500/20"[31m
            [36m>[31m
              [36m<svg[31m
                [33mclass[31m=[32m"lucide lucide-bot w-4 h-4 text-violet-400"[31m
                [33mfill[31m=[32m"none"[31m
                [33mheight[31m=[32m"24"[31m
                [33mstroke[31m=[32m"currentColor"[31m
                [33mstroke-linecap[31m=[32m"round"[31m
                [33mstroke-linejoin[31m=[32m"round"[31m
                [33mstroke-width[31m=[32m"2"[31m
                [33mviewBox[31m=[32m"0 0 24 24"[31m
                [33mwidth[31m=[32m"24"[31m
                [33mxmlns[31m=[32m"http://www.w3.org/2000/svg"[31m
              [36m>[31m
                [36m<path[31m
                  [33md[31m=[32m"M12 8V4H8"[31m
                [36m/>[31m
                [36m<rect[31m
                  [33mheight[31m=[32m"12"[31m
                  [33mrx[31m=[32m"2"[31m
                  [33mwidth[31m=[32m"16"[31m
                  [33mx[31m=[32m"4"[31m
                  [33my[31m=[32m"8"[31m
                [36m/>[31m
                [36m<path[31m
                  [33md[31m=[32m"M2 14h2"[31m
                [36m/>[31m
                [36m<path[31m
                  [33md[31m=[32m"M20 14h2"[31m
                [36m/>[31m
                [36m<p...[39m
 [31mΓ¥»[39m src/__tests__/leaderboard.integration.test.tsx [2m([22m[2m2 tests[22m[2m | [22m[31m1 failed[39m[2m)[22m[33m 1491[2mms[22m[39m
[31m   [31m├ù[31m Leaderboard Integration[2m > [22mshould render mock users after loading[39m[33m 1379[2mms[22m[39m
[31m     ΓåÆ Unable to find an element with the text: /alice/i. This could be because the text is broken up by multiple elements. In this case, you can provide a function for your text matcher to make your matcher more flexible.

Ignored nodes: comments, script, style
[36m<body>[31m
  [36m<div>[31m
    [36m<div[31m
      [33mclass[31m=[32m"min-h-screen animated-bg text-foreground"[31m
    [36m>[31m
      [36m<div[31m
        [33mclass[31m=[32m"relative overflow-hidden"[31m
      [36m>[31m
        [36m<div[31m
          [33mclass[31m=[32m"absolute inset-0 bg-gradient-to-b from-violet-950/20 via-transparent to-transparent pointer-events-none"[31m
        [36m/>[31m
        [36m<header[31m
          [33mclass[31m=[32m"relative pt-8 pb-4 px-4"[31m
        [36m>[31m
          [36m<div[31m
            [33mclass[31m=[32m"max-w-4xl mx-auto text-center"[31m
          [36m>[31m
            [36m<div[31m
              [33manimate[31m=[32m"[object Object]"[31m
              [33mclass[31m=[32m"inline-flex items-center gap-2 mb-3"[31m
              [33minitial[31m=[32m"[object Object]"[31m
            [36m>[31m
              [36m<svg[31m
                [33mclass[31m=[32m"lucide lucide-sparkles w-6 h-6 text-violet-400 animate-sparkle"[31m
                [33mfill[31m=[32m"none"[31m
                [33mheight[31m=[32m"24"[31m
                [33mstroke[31m=[32m"currentColor"[31m
                [33mstroke-linecap[31m=[32m"round"[31m
                [33mstroke-linejoin[31m=[32m"round"[31m
                [33mstroke-width[31m=[32m"2"[31m
                [33mviewBox[31m=[32m"0 0 24 24"[31m
                [33mwidth[31m=[32m"24"[31m
                [33mxmlns[31m=[32m"http://www.w3.org/2000/svg"[31m
              [36m>[31m
                [36m<path[31m
                  [33md[31m=[32m"M9.937 15.5A2 2 0 0 0 8.5 14.063l-6.135-1.582a.5.5 0 0 1 0-.962L8.5 9.936A2 2 0 0 0 9.937 8.5l1.582-6.135a.5.5 0 0 1 .963 0L14.063 8.5A2 2 0 0 0 15.5 9.937l6.135 1.581a.5.5 0 0 1 0 .964L15.5 14.063a2 2 0 0 0-1.437 1.437l-1.582 6.135a.5.5 0 0 1-.963 0z"[31m
                [36m/>[31m
                [36m<path[31m
                  [33md[31m=[32m"M20 3v4"[31m
                [36m/>[31m
                [36m<path[31m
                  [33md[31m=[32m"M22 5h-4"[31m
                [36m/>[31m
                [36m<path[31m
                  [33md[31m=[32m"M4 17v2"[31m
                [36m/>[31m
                [36m<path[31m
                  [33md[31m=[32m"M5 18H3"[31m
                [36m/>[31m
              [36m</svg>[31m
              [36m<h1[31m
                [33mclass[31m=[32m"text-4xl md:text-5xl font-bold bg-gradient-to-r from-violet-400 via-purple-500 to-violet-600 bg-clip-text text-transparent"[31m
              [36m>[31m
                [0mLeaderboard[0m
              [36m</h1>[31m
              [36m<svg[31m
                [33mclass[31m=[32m"lucide lucide-sparkles w-6 h-6 text-violet-400 animate-sparkle"[31m
                [33mfill[31m=[32m"none"[31m
                [33mheight[31m=[32m"24"[31m
                [33mstroke[31m=[32m"currentColor"[31m
                [33mstroke-linecap[31m=[32m"round"[31m
                [33mstroke-linejoin[31m=[32m"round"[31m
                [33mstroke-width[31m=[32m"2"[31m
                [33mstyle[31m=[32m"animation-delay: 1s;"[31m
                [33mviewBox[31m=[32m"0 0 24 24"[31m
                [33mwidth[31m=[32m"24"[31m
                [33mxmlns[31m=[32m"http://www.w3.org/2000/svg"[31m
              [36m>[31m
                [36m<path[31m
                  [33md[31m=[32m"M9.937 15.5A2 2 0 0 0 8.5 14.063l-6.135-1.582a.5.5 0 0 1 0-.962L8.5 9.936A2 2 0 0 0 9.937 8.5l1.582-6.135a.5.5 0 0 1 .963 0L14.063 8.5A2 2 0 0 0 15.5 9.937l6.135 1.581a.5.5 0 0 1 0 .964L15.5 14.063a2 2 0 0 0-1.437 1.437l-1.582 6.135a.5.5 0 0 1-.963 0z"[31m
                [36m/>[31m
                [36m<path[31m
                  [33md[31m=[32m"M20 3v4"[31m
                [36m/>[31m
                [36m<path[31m
                  [33md[31m=[32m"M22 5h-4"[31m
                [36m/>[31m
                [36m<path[31m
                  [33md[31m=[32m"M4 17v2"[31m
                [36m/>[31m
                [36m<path[31m
                  [33md[31m=[32m"M5 18H3"[31m
                [36m/>[31m
              [36m</svg>[31m
            [36m</div>[31m
            [36m<p[31m
              [33mclass[31m=[32m"text-gray-400 text-lg"[31m
            [36m>[31m
              [0mTop Language Learners This Week[0m
            [36m</p>[31m
          [36m</div>[31m
        [36m</header>[31m
        [36m<div[31m
          [33manimate[31m=[32m"[object Object]"[31m
          [33minitial[31m=[32m"[object Object]"[31m
          [33mtransition[31m=[32m"[object Object]"[31m
        [36m>[31m
          [36m<div[31m
            [33mclass[31m=[32m"mt-8"[31m
          [36m/>[31m
        [36m</div>[31m
      [36m</div>[31m
      [36m<nav[31m
        [33manimate[31m=[32m"[object Object]"[31m
        [33mclass[31m=[32m"fixed bottom-0 left-0 right-0 z-50 flex justify-around items-center px-4 py-3"[31m
        [33minitial[31m=[32m"[object Object]"[31m
        [33mstyle[31m=[32m"background: rgba(15, 10, 30, 0.75); backdrop-filter: blur(20px); border-top: 1px solid rgba(139, 92, 246, 0.2); box-shadow: 0 -4px 30px rgba(139, 92, 246, 0.1);"[31m
        [33mtransition[31m=[32m"[object Object]"[31m
      [36m>[31m
        [36m<button[31m
          [33maria-label[31m=[32m"Go to Home"[31m
          [33mclass[31m=[32m"flex flex-col items-center gap-1 px-4 py-2 rounded-2xl transition-all duration-200 focus:outline-none focus:ring-2 focus:ring-violet-500"[31m
          [33mstyle[31m=[32m"background: rgba(139, 92, 246, 0.18); border: 1px solid rgba(139, 92, 246, 0.35);"[31m
          [33mwhilehover[31m=[32m"[object Object]"[31m
          [33mwhiletap[31m=[32m"[object Object]"[31m
        [36m>[31m
          [36m<svg[31m
            [33mclass[31m=[32m"lucide lucide-house w-5 h-5 transition-all duration-200"[31m
            [33mfill[31m=[32m"none"[31m
            [33mheight[31m=[32m"24"[31m
            [33mstroke[31m=[32m"currentColor"[31m
            [33mstroke-linecap[31m=[32m"round"[31m
            [33mstroke-linejoin[31m=[32m"round"[31m
            [33mstroke-width[31m=[32m"2"[31m
            [33mstyle[31m=[32m"color: rgb(191, 140, 242); filter: drop-shadow(0 0 6px hsl(270 80% 65%));"[31m
            [33mviewBox[31m=[32m"0 0 24 24"[31m
            [33mwidth[31m=[32m"24"[31m
            [33mxmlns[31m=[32m"http://www.w3.org/2000/svg"[31m
          [36m>[31m
            [36m<path[31m
              [33md[31m=[32m"M15 21v-8a1 1 0 0 0-1-1h-4a1 1 0 0 0-1 1v8"[31m
            [36m/>[31m
            [36m<path[31m
              [33md[31m=[32m"M3 10a2 2 0 0 1 .709-1.528l7-5.999a2 2 0 0 1 2.582 0l7 5.999A2 2 0 0 1 21 10v9a2 2 0 0 1-2 2H5a2 2 0 0 1-2-2z"[31m
            [36m/>[31m
          [36m</svg>[31m
          [36m...

Ignored nodes: comments, script, style
[36m<html>[31m
  [36m<head />[31m
  [36m<body>[31m
    [36m<div>[31m
      [36m<div[31m
        [33mclass[31m=[32m"min-h-screen animated-bg text-foreground"[31m
      [36m>[31m
        [36m<div[31m
          [33mclass[31m=[32m"relative overflow-hidden"[31m
        [36m>[31m
          [36m<div[31m
            [33mclass[31m=[32m"absolute inset-0 bg-gradient-to-b from-violet-950/20 via-transparent to-transparent pointer-events-none"[31m
          [36m/>[31m
          [36m<header[31m
            [33mclass[31m=[32m"relative pt-8 pb-4 px-4"[31m
          [36m>[31m
            [36m<div[31m
              [33mclass[31m=[32m"max-w-4xl mx-auto text-center"[31m
            [36m>[31m
              [36m<div[31m
                [33manimate[31m=[32m"[object Object]"[31m
                [33mclass[31m=[32m"inline-flex items-center gap-2 mb-3"[31m
                [33minitial[31m=[32m"[object Object]"[31m
              [36m>[31m
                [36m<svg[31m
                  [33mclass[31m=[32m"lucide lucide-sparkles w-6 h-6 text-violet-400 animate-sparkle"[31m
                  [33mfill[31m=[32m"none"[31m
                  [33mheight[31m=[32m"24"[31m
                  [33mstroke[31m=[32m"currentColor"[31m
                  [33mstroke-linecap[31m=[32m"round"[31m
                  [33mstroke-linejoin[31m=[32m"round"[31m
                  [33mstroke-width[31m=[32m"2"[31m
                  [33mviewBox[31m=[32m"0 0 24 24"[31m
                  [33mwidth[31m=[32m"24"[31m
                  [33mxmlns[31m=[32m"http://www.w3.org/2000/svg"[31m
                [36m>[31m
                  [36m<path[31m
                    [33md[31m=[32m"M9.937 15.5A2 2 0 0 0 8.5 14.063l-6.135-1.582a.5.5 0 0 1 0-.962L8.5 9.936A2 2 0 0 0 9.937 8.5l1.582-6.135a.5.5 0 0 1 .963 0L14.063 8.5A2 2 0 0 0 15.5 9.937l6.135 1.581a.5.5 0 0 1 0 .964L15.5 14.063a2 2 0 0 0-1.437 1.437l-1.582 6.135a.5.5 0 0 1-.963 0z"[31m
                  [36m/>[31m
                  [36m<path[31m
                    [33md[31m=[32m"M20 3v4"[31m
                  [36m/>[31m
                  [36m<path[31m
                    [33md[31m=[32m"M22 5h-4"[31m
                  [36m/>[31m
                  [36m<path[31m
                    [33md[31m=[32m"M4 17v2"[31m
                  [36m/>[31m
                  [36m<path[31m
                    [33md[31m=[32m"M5 18H3"[31m
                  [36m/>[31m
                [36m</svg>[31m
                [36m<h1[31m
                  [33mclass[31m=[32m"text-4xl md:text-5xl font-bold bg-gradient-to-r from-violet-400 via-purple-500 to-violet-600 bg-clip-text text-transparent"[31m
                [36m>[31m
                  [0mLeaderboard[0m
                [36m</h1>[31m
                [36m<svg[31m
                  [33mclass[31m=[32m"lucide lucide-sparkles w-6 h-6 text-violet-400 animate-sparkle"[31m
                  [33mfill[31m=[32m"none"[31m
                  [33mheight[31m=[32m"24"[31m
                  [33mstroke[31m=[32m"currentColor"[31m
                  [33mstroke-linecap[31m=[32m"round"[31m
                  [33mstroke-linejoin[31m=[32m"round"[31m
                  [33mstroke-width[31m=[32m"2"[31m
                  [33mstyle[31m=[32m"animation-delay: 1s;"[31m
                  [33mviewBox[31m=[32m"0 0 24 24"[31m
                  [33mwidth[31m=[32m"24"[31m
                  [33mxmlns[31m=[32m"http://www.w3.org/2000/svg"[31m
                [36m>[31m
                  [36m<path[31m
                    [33md[31m=[32m"M9.937 15.5A2 2 0 0 0 8.5 14.063l-6.135-1.582a.5.5 0 0 1 0-.962L8.5 9.936A2 2 0 0 0 9.937 8.5l1.582-6.135a.5.5 0 0 1 .963 0L14.063 8.5A2 2 0 0 0 15.5 9.937l6.135 1.581a.5.5 0 0 1 0 .964L15.5 14.063a2 2 0 0 0-1.437 1.437l-1.582 6.135a.5.5 0 0 1-.963 0z"[31m
                  [36m/>[31m
                  [36m<path[31m
                    [33md[31m=[32m"M20 3v4"[31m
                  [36m/>[31m
                  [36m<path[31m
                    [33md[31m=[32m"M22 5h-4"[31m
                  [36m/>[31m
                  [36m<path[31m
                    [33md[31m=[32m"M4 17v2"[31m
                  [36m/>[31m
                  [36m<path[31m
                    [33md[31m=[32m"M5 18H3"[31m
                  [36m/>[31m
                [36m</svg>[31m
              [36m</div>[31m
              [36m<p[31m
                [33mclass[31m=[32m"text-gray-400 text-lg"[31m
              [36m>[31m
                [0mTop Language Learners This Week[0m
              [36m</p>[31m
            [36m</div>[31m
          [36m</header>[31m
          [36m<div[31m
            [33manimate[31m=[32m"[object Object]"[31m
            [33minitial[31m=[32m"[object Object]"[31m
            [33mtransition[31m=[32m"[object Object]"[31m
          [36m>[31m
            [36m<div[31m
              [33mclass[31m=[32m"mt-8"[31m
            [36m/>[31m
          [36m</div>[31m
        [36m</div>[31m
        [36m<nav[31m
          [33manimate[31m=[32m"[object Object]"[31m
          [33mclass[31m=[32m"fixed bottom-0 left-0 right-0 z-50 flex justify-around items-center px-4 py-3"[31m
          [33minitial[31m=[32m"[object Object]"[31m
          [33mstyle[31m=[32m"background: rgba(15, 10, 30, 0.75); backdrop-filter: blur(20px); border-top: 1px solid rgba(139, 92, 246, 0.2); box-shadow: 0 -4px 30px rgba(139, 92, 246, 0.1);"[31m
          [33mtransition[31m=[32m"[object Object]"[31m
        [36m>[31m
          [36m<button[31m
            [33maria-label[31m=[32m"Go to Home"[31m
            [33mclass[31m=[32m"flex flex-col items-center gap-1 px-4 py-2 rounded-2xl transition-all duration-200 focus:outline-none focus:ring-2 focus:ring-violet-500"[31m
            [33mstyle[31m=[32m"background: rgba(139, 92, 246, 0.18); border: 1px solid rgba(139, 92, 246, 0.35);"[31m
            [33mwhilehover[31m=[32m"[object Object]"[31m
            [33mwhiletap[31m=[32m"[object Object]"[31m
          [36m>[31m
            [36m<svg[31m
              [33mclass[31m=[32m"lucide lucide-house w-5 h-5 transition-all duration-200"[31m
              [33mfill[31m=[32m"none"[31m
              [33mheight[31m=[32m"24"[31m
              [33mstroke[31m=[32m"currentColor"[31m
              [33mstroke-linecap[31m=[32m"round"[31m
              [33mstroke-linejoin[31m=[32m"round"[31m
              [33mstroke-width[31m=[32m"2"[31m
              [33mstyle[31m=[32m"color: rgb(191, 140, 242); filter: drop-shadow(0 0 6px hsl(270 80% 65%));"[31m
              [33mviewBox[31m=[32m"0 0 24 24"[31m
              [33mwidth[31m=[32m"24"[31m
              [33mxmlns[31m=[32m"http://www.w3.org/2000/svg"[31m
            [36m>[31m
              [36m<path[31m
                [33md[31m=[32m"M15 21v-8a1 1 0 0...[39m
   [32mΓ£ô[39m Leaderboard Integration[2m > [22mshould handle error state gracefully[32m 108[2mms[22m[39m

[31mΓÄ»ΓÄ»ΓÄ»ΓÄ»ΓÄ»ΓÄ»ΓÄ»
[39m[1m[41m Failed Tests 
3 [49m[22m[31mΓÄ»ΓÄ»ΓÄ»Γ
Ä»ΓÄ»ΓÄ»ΓÄ»[39m

[41m[1m FAIL [22m[49m s
rc/__tests__/ai.integration
.test.tsx[2m > 
[22mAITutorPage 
Integration[2m > 
[22mshould send a message 
and receive an AI response
[31m[1mTestingLibraryElem
entError[22m[39m: Found 
multiple elements with the 
role "button"

Here are the matching 
elements:

Ignored nodes: comments, 
script, style
[36m<button[39m
  
[33mclass[39m=[32m"flex 
items-center gap-2 text-sm 
text-muted-foreground 
hover:text-foreground 
transition-colors 
group"[39m
[36m>[39m
  [36m<svg[39m
    [33mclass[39m=[32m"l
ucide lucide-arrow-left 
h-4 w-4 
transition-transform group-
hover:-translate-x-1"[39m
    [33mfill[39m=[32m"no
ne"[39m
    [33mheight[39m=[32m"
24"[39m
    [33mstroke[39m=[32m"
currentColor"[39m
    [33mstroke-linecap[39
m=[32m"round"[39m
    [33mstroke-linejoin[3
9m=[32m"round"[39m
    [33mstroke-width[39m=
[32m"2"[39m
    
[33mviewBox[39m=[32m"0 
0 24 24"[39m
    [33mwidth[39m=[32m"2
4"[39m
    [33mxmlns[39m=[32m"h
ttp://www.w3.org/2000/svg"
[39m
  [36m>[39m
    [36m<path[39m
      
[33md[39m=[32m"m12 
19-7-7 7-7"[39m
    [36m/>[39m
    [36m<path[39m
      
[33md[39m=[32m"M19 
12H5"[39m
    [36m/>[39m
  [36m</svg>[39m
  [0mDashboard[0m
[36m</button>[39m

Ignored nodes: comments, 
script, style
[36m<button[39m
  [33mclass[39m=[32m"sna
p-start shrink-0 flex 
items-center gap-2 glass 
rounded-full px-4 py-2 
text-xs font-medium 
text-violet-200 
hover:bg-violet-500/20 
transition-colors border 
border-violet-500/20 hover:
border-violet-500/40"[39m
[36m>[39m
  [36m<svg[39m
    [33mclass[39m=[32m"l
ucide lucide-book-open 
w-3.5 h-3.5 
text-violet-400"[39m
    [33mfill[39m=[32m"no
ne"[39m
    [33mheight[39m=[32m"
24"[39m
    [33mstroke[39m=[32m"
currentColor"[39m
    [33mstroke-linecap[39
m=[32m"round"[39m
    [33mstroke-linejoin[3
9m=[32m"round"[39m
    [33mstroke-width[39m=
[32m"2"[39m
    
[33mviewBox[39m=[32m"0 
0 24 24"[39m
    [33mwidth[39m=[32m"2
4"[39m
    [33mxmlns[39m=[32m"h
ttp://www.w3.org/2000/svg"
[39m
  [36m>[39m
    [36m<path[39m
      
[33md[39m=[32m"M12 
7v14"[39m
    [36m/>[39m
    [36m<path[39m
      [33md[39m=[32m"M3 
18a1 1 0 0 1-1-1V4a1 1 0 0 
1 1-1h5a4 4 0 0 1 4 4 4 4 
0 0 1 4-4h5a1 1 0 0 1 1 
1v13a1 1 0 0 1-1 1h-6a3 3 
0 0 0-3 3 3 3 0 0 
0-3-3z"[39m
    [36m/>[39m
  [36m</svg>[39m
  [0mExplain Present 
Perfect Tense[0m
[36m</button>[39m

Ignored nodes: comments, 
script, style
[36m<button[39m
  [33mclass[39m=[32m"sna
p-start shrink-0 flex 
items-center gap-2 glass 
rounded-full px-4 py-2 
text-xs font-medium 
text-violet-200 
hover:bg-violet-500/20 
transition-colors border 
border-violet-500/20 hover:
border-violet-500/40"[39m
[36m>[39m
  [36m<svg[39m
    [33mclass[39m=[32m"l
ucide lucide-pen-tool 
w-3.5 h-3.5 
text-violet-400"[39m
    [33mfill[39m=[32m"no
ne"[39m
    [33mheight[39m=[32m"
24"[39m
    [33mstroke[39m=[32m"
currentColor"[39m
    [33mstroke-linecap[39
m=[32m"round"[39m
    [33mstroke-linejoin[3
9m=[32m"round"[39m
    [33mstroke-width[39m=
[32m"2"[39m
    
[33mviewBox[39m=[32m"0 
0 24 24"[39m
    [33mwidth[39m=[32m"2
4"[39m
    [33mxmlns[39m=[32m"h
ttp://www.w3.org/2000/svg"
[39m
  [36m>[39m
    [36m<path[39m
      
[33md[39m=[32m"M15.707 
21.293a1 1 0 0 1-1.414 
0l-1.586-1.586a1 1 0 0 1 
0-1.414l5.586-5.586a1 1 0 
0 1 1.414 0l1.586 1.586a1 
1 0 0 1 0 1.414z"[39m
    [36m/>[39m
    [36m<path[39m
      
[33md[39m=[32m"m18 
13-1.375-6.874a1 1 0 0 
0-.746-.776L3.235 2.028a1 
1 0 0 0-1.207 1.207L5.35 
15.879a1 1 0 0 0 
.776.746L13 18"[39m
    [36m/>[39m
    [36m<path[39m
      
[33md[39m=[32m"m2.3 2.3 
7.286 7.286"[39m
    [36m/>[39m
    [36m<circle[39m
      
[33mcx[39m=[32m"11"[39m
      
[33mcy[39m=[32m"11"[39m
      
[33mr[39m=[32m"2"[39m
    [36m/>[39m
  [36m</svg>[39m
  [0mReview my essay 
structure[0m
[36m</button>[39m

Ignored nodes: comments, 
script, style
[36m<button[39m
  [33mclass[39m=[32m"sna
p-start shrink-0 flex 
items-center gap-2 glass 
rounded-full px-4 py-2 
text-xs font-medium 
text-violet-200 
hover:bg-violet-500/20 
transition-colors border 
border-violet-500/20 hover:
border-violet-500/40"[39m
[36m>[39m
  [36m<svg[39m
    [33mclass[39m=[32m"l
ucide lucide-sparkles 
w-3.5 h-3.5 
text-violet-400"[39m
    [33mfill[39m=[32m"no
ne"[39m
    [33mheight[39m=[32m"
24"[39m
    [33mstroke[39m=[32m"
currentColor"[39m
    [33mstroke-linecap[39
m=[32m"round"[39m
    [33mstroke-linejoin[3
9m=[32m"round"[39m
    [33mstroke-width[39m=
[32m"2"[39m
    
[33mviewBox[39m=[32m"0 
0 24 24"[39m
    [33mwidth[39m=[32m"2
4"[39m
    [33mxmlns[39m=[32m"h
ttp://www.w3.org/2000/svg"
[39m
  [36m>[39m
    [36m<path[39m
      
[33md[39m=[32m"M9.937 
15.5A2 2 0 0 0 8.5 
14.063l-6.135-1.582a.5.5 0 
0 1 0-.962L8.5 9.936A2 2 0 
0 0 9.937 
8.5l1.582-6.135a.5.5 0 0 1 
.963 0L14.063 8.5A2 2 0 0 
0 15.5 9.937l6.135 
1.581a.5.5 0 0 1 0 
.964L15.5 14.063a2 2 0 0 
0-1.437 1.437l-1.582 
6.135a.5.5 0 0 1-.963 
0z"[39m
    [36m/>[39m
    [36m<path[39m
      
[33md[39m=[32m"M20 
3v4"[39m
    [36m/>[39m
    [36m<path[39m
      
[33md[39m=[32m"M22 
5h-4"[39m
    [36m/>[39m
    [36m<path[39m
      [33md[39m=[32m"M4 
17v2"[39m
    [36m/>[39m
    [36m<path[39m
      [33md[39m=[32m"M5 
18H3"[39m
    [36m/>[39m
  [36m</svg>[39m
  [0mHow to improve 
vocabulary?[0m
[36m</button>[39m

Ignored nodes: comments, 
script, style
[36m<button[39m
  [33mclass[39m=[32m"sna
p-start shrink-0 flex 
items-center gap-2 glass 
rounded-full px-4 py-2 
text-xs font-medium 
text-violet-200 
hover:bg-violet-500/20 
transition-colors border 
border-violet-500/20 hover:
border-violet-500/40"[39m
[36m>[39m
  [36m<svg[39m
    [33mclass[39m=[32m"l
ucide lucide-mic w-3.5 
h-3.5 text-violet-400"[39m
    [33mfill[39m=[32m"no
ne"[39m
    [33mheight[39m=[32m"
24"[39m
    [33mstroke[39m=[32m"
currentColor"[39m
    [33mstroke-linecap[39
m=[32m"round"[39m
    [33mstroke-linejoin[3
9m=[32m"round"[39m
    [33mstroke-width[39m=
[32m"2"[39m
    
[33mviewBox[39m=[32m"0 
0 24 24"[39m
    [33mwidth[39m=[32m"2
4"[39m
    [33mxmlns[39m=[32m"h
ttp://www.w3.org/2000/svg"
[39m
  [36m>[39m
    [36m<path[39m
      
[33md[39m=[32m"M12 2a3 
3 0 0 0-3 3v7a3 3 0 0 0 6 
0V5a3 3 0 0 0-3-3Z"[39m
    [36m/>[39m
    [36m<path[39m
      
[33md[39m=[32m"M19 
10v2a7 7 0 0 1-14 
0v-2"[39m
    [36m/>[39m
    [36m<line[39m
      
[33mx1[39m=[32m"12"[39m
      
[33mx2[39m=[32m"12"[39m
      
[33my1[39m=[32m"19"[39m
      
[33my2[39m=[32m"22"[39m
    [36m/>[39m
  [36m</svg>[39m
  [0mTips for speaking 
fluently[0m
[36m</button>[39m

Ignored nodes: comments, 
script, style
[36m<button[39m
  [33mclass[39m=[32m"shr
ink-0 h-14 w-14 
rounded-2xl flex 
items-center 
justify-center 
transition-all 
disabled:opacity-50 disable
d:cursor-not-allowed 
group"[39m
  [33mdisabled[39m=[32m"
"[39m
  [33mstyle[39m=[32m"bac
kground: rgba(255, 255, 
255, 0.05); box-shadow: 
none;"[39m
[36m>[39m
  [36m<svg[39m
    [33mclass[39m=[32m"l
ucide lucide-send w-5 h-5 
text-muted-foreground"[39m
    [33mfill[39m=[32m"no
ne"[39m
    [33mheight[39m=[32m"
24"[39m
    [33mstroke[39m=[32m"
currentColor"[39m
    [33mstroke-linecap[39
m=[32m"round"[39m
    [33mstroke-linejoin[3
9m=[32m"round"[39m
    [33mstroke-width[39m=
[32m"2"[39m
    
[33mviewBox[39m=[32m"0 
0 24 24"[39m
    [33mwidth[39m=[32m"2
4"[39m
    [33mxmlns[39m=[32m"h
ttp://www.w3.org/2000/svg"
[39m
  [36m>[39m
    [36m<path[39m
      
[33md[39m=[32m"M14.536 
21.686a.5.5 0 0 0 
.937-.024l6.5-19a.496.496 
0 0 0-.635-.635l-19 
6.5a.5.5 0 0 
0-.024.937l7.93 3.18a2 2 0 
0 1 1.112 1.11z"[39m
    [36m/>[39m
    [36m<path[39m
      
[33md[39m=[32m"m21.854 
2.147-10.94 10.939"[39m
    [36m/>[39m
  [36m</svg>[39m
[36m</button>[39m

(If this is intentional, 
then use the `*AllBy*` 
variant of the query (like 
`queryAllByText`, 
`getAllByText`, or 
`findAllByText`)).

Ignored nodes: comments, 
script, style
[36m<body>[39m
  [36m<div>[39m
    [36m<div[39m
      [33mclass[39m=[32m
"min-h-screen animated-bg 
flex flex-col relative 
pb-safe 
text-foreground"[39m
    [36m>[39m
      [36m<div[39m
        
[33mclass[39m=[32m"orb 
orb-violet w-[350px] 
h-[350px] -top-20 right-20 
float opacity-30 
pointer-events-none"[39m
      [36m/>[39m
      [36m<div[39m
        
[33mclass[39m=[32m"orb 
orb-cyan w-[250px] 
h-[250px] bottom-40 
-left-10 float-delayed 
opacity-20 
pointer-events-none"[39m
      [36m/>[39m
      [36m<header[39m
        [33mclass[39m=[3
2m"glass-strong sticky 
top-0 z-50 border-b 
border-border/50 
backdrop-blur-3xl"[39m
      [36m>[39m
        [36m<div[39m
          [33mclass[39m=
[32m"container mx-auto 
flex items-center 
justify-between px-6 py-4 
max-w-4xl"[39m
        [36m>[39m
          [36m<button[39m
            
[33mclass[39m=[32m"flex 
items-center gap-2 text-sm 
text-muted-foreground 
hover:text-foreground 
transition-colors 
group"[39m
          [36m>[39m
            [36m<svg[39m
              [33mclass[3
9m=[32m"lucide 
lucide-arrow-left h-4 w-4 
transition-transform group-
hover:-translate-x-1"[39m
              [33mfill[39
m=[32m"none"[39m
              [33mheight[
39m=[32m"24"[39m
              [33mstroke[
39m=[32m"currentColor"[39
m
              [33mstroke-l
inecap[39m=[32m"round"[3
9m
              [33mstroke-l
inejoin[39m=[32m"round"[
39m
              [33mstroke-w
idth[39m=[32m"2"[39m
              
[33mviewBox[39m=[32m"0 
0 24 24"[39m
              [33mwidth[3
9m=[32m"24"[39m
              [33mxmlns[3
9m=[32m"http://www.w3.org/
2000/svg"[39m
            [36m>[39m
              
[36m<path[39m
                
[33md[39m=[32m"m12 
19-7-7 7-7"[39m
              [36m/>[39m
              
[36m<path[39m
                
[33md[39m=[32m"M19 
12H5"[39m
              [36m/>[39m
            
[36m</svg>[39m
            
[0mDashboard[0m
          
[36m</button>[39m
          [36m<div[39m
            
[33mclass[39m=[32m"flex 
items-center gap-3"[39m
          [36m>[39m
            [36m<div[39m
              [33mclass[3
9m=[32m"relative"[39m
            [36m>[39m
              
[36m<div[39m
                
[33mclass[39m=[32m"w-10 
h-10 rounded-full flex 
items-center 
justify-center 
bg-gradient-to-br 
from-violet-500 
to-fuchsia-600 shadow-[0_0_
15px_rgba(139,92,246,0.4)]"
[39m
              [36m>[39m
                
[36m<svg[39m
                  [33mclas
s[39m=[32m"lucide 
lucide-bot w-5 h-5 
text-white"[39m
                  [33mfill
[39m=[32m"none"[39m
                  [33mheig
ht[39m=[32m"24"[39m
                  [33mstro
ke[39m=[32m"currentColor"
[39m
                  [33mstro
ke-linecap[39m=[32m"round
"[39m
                  [33mstro
ke-linejoin[39m=[32m"roun
d"[39m
                  [33mstro
ke-width[39m=[32m"2"[39m
                  
[33mviewBox[39m=[32m"0 
0 24 24"[39m
                  [33mwidt
h[39m=[32m"24"[39m
                  [33mxmln
s[39m=[32m"http://www.w3.
org/2000/svg"[39m
                [36m>[39m
                  
[36m<path[39m
                    
[33md[39m=[32m"M12 
8V4H8"[39m
                  
[36m/>[39m
                  
[36m<rect[39m
                    [33mhe
ight[39m=[32m"12"[39m
                    
[33mrx[39m=[32m"2"[39m
                    [33mwi
dth[39m=[32m"16"[39m
                    
[33mx[39m=[32m"4"[39m
                    
[33my[39m=[32m"8"[39m
                  
[36m/>[39m
                  
[36m<path[39m
                    
[33md[39m=[32m"M2 
14h2"[39m
                  
[36m/>[39m
                  
[36m<path[39m
                    
[33md[39m=[32m"M20 
14h2"[39m
                  
[36m/>[39m
                  
[36m<path[39m
                    
[33md[39m=[32m"M15 
13v2"[39m
                  
[36m/>[39m
                  
[36m<path[39m
                    
[33md[39m=[32m"M9 
13v2"[39m
                  
[36m/>[39m
                
[36m</svg>[39m
              
[36m</div>[39m
              
[36m<span[39m
                [33mclass
[39m=[32m"absolute 
bottom-0 right-0 w-3 h-3 
bg-green-500 border-2 
border-[#120a1f] 
rounded-full"[39m
              [36m/>[39m
            
[36m</div>[39m
            [36m<div[39m
              
[33mclass[39m=[32m"flex 
flex-col"[39m
            [36m>[39m
              
[36m<span[39m
                [33mclass
[39m=[32m"text-sm 
font-bold font-poppins 
text-foreground 
tracking-wide"[39m
              [36m>[39m
                [0mFluent 
AI Tutor[0m
              
[36m</span>[39m
              
[36m<span[39m
                [33mclass
[39m=[32m"text-[10px] 
text-green-400 
font-medium"[39m
              [36m>[39m
                
[0mOnline[0m
              
[36m</span>[39m
            
[36m</div>[39m
          [36m</div>[39m
          [36m<div[39m
            [33mclass[39m
=[32m"w-20"[39m
          [36m/>[39m
          [0m [0m
        [36m</div>[39m
      [36m</header>[39m
      [36m<main[39m
        [33mclass[39m=[3
2m"flex-1 overflow-y-auto 
px-4 py-8 relative z-10 
w-full max-w-4xl mx-auto 
scroll-smooth"[39m
      [36m>[39m
        [36m<div[39m
          
[33mclass[39m=[32m"flex 
flex-col gap-6"[39m
        [36m>[39m
          [36m<div[39m
            [33manimate[3
9m=[32m"[object 
Object]"[39m
            
[33mclass[39m=[32m"flex 
items-end gap-3 
max-w-[85%] mr-auto"[39m
            [33minitial[3
9m=[32m"[object 
Object]"[39m
          [36m>[39m
            [36m<div[39m
              [33mclass[3
9m=[32m"shrink-0 w-8 h-8 
rounded-full flex 
items-center 
justify-center 
bg-violet-500/20"[39m
            [36m>[39m
              
[36m<svg[39m
                [33mclass
[39m=[32m"lucide 
lucide-bot w-4 h-4 
text-violet-400"[39m
                [33mfill[
39m=[32m"none"[39m
                [33mheight
[39m=[32m"24"[39m
                [33mstroke
[39m=[32m"currentColor"[
39m
                [33mstroke
-linecap[39m=[32m"round"
[39m
                [33mstroke
-linejoin[39m=[32m"round"
[39m
                [33mstroke
-width[39m=[32m"2"[39m
                
[33mviewBox[39m=[32m"0 
0 24 24"[39m
                [33mwidth
[39m=[32m"24"[39m
                [33mxmlns
[39m=[32m"http://www.w3.or
g/2000/svg"[39m
              [36m>[39m
                
[36m<path[39m
                  
[33md[39m=[32m"M12 
8V4H8"[39m
                
[36m/>[39m
                
[36m<rect[39m
                  [33mheig
ht[39m=[32m"12"[39m
                  
[33mrx[39m=[32m"2"[39m
                  [33mwidt
h[39m=[32m"16"[39m
                  
[33mx[39m=[32m"4"[39m
                  
[33my[39m=[32m"8"[39m
                
[36m/>[39m
                
[36m<path[39m
                  
[33md[39m=[32m"M2 
14h2"[39m
                
[36m/>[39m
                
[36m<path[39m
                  
[33md[39m=[32m"M20 
14h2"[39m
                
[36m/>[39m
                [36m<p...
[90m [2mΓ¥»[22m 
Object.getElementError node
_modules/@testing-library/d
om/dist/config.js:[2m37:19
[22m[39m
[90m [2mΓ¥»[22m 
getElementError node_module
s/@testing-library/dom/dist
/query-helpers.js:[2m20:35
[22m[39m
[90m [2mΓ¥»[22m getMulti
pleElementsFoundError node_
modules/@testing-library/do
m/dist/query-helpers.js:[2
m23:10[22m[39m
[90m [2mΓ¥»[22m node_mod
ules/@testing-library/dom/d
ist/query-helpers.js:[2m55
:13[22m[39m
[90m [2mΓ¥»[22m 
getByRole node_modules/@tes
ting-library/dom/dist/query
-helpers.js:[2m95:19[22m
[39m
[36m [2mΓ¥»[22m src/__te
sts__/ai.integration.test.t
sx:[2m27:35[22m[39m
    [90m 25| [39m
    [90m 26| [39m        
const textarea = screen.get
ByPlaceholderText(/Ask me 
anything ΓÇª
    [90m 27| [39m        
[35mconst[39m sendButton 
[33m=[39m screen[33m.[3
9m[34mgetByRole[39m([32m
"button"[39m)[33m;[39m
    [90m   | [39m        
                          
[31m^[39m
    [90m 28| [39m
    [90m 29| [39m        
fireEvent.change(textarea, 
{ target: { value: "Tell 
me about vΓÇª

[31m[2mΓÄ»ΓÄ»ΓÄ»ΓÄ»ΓÄ»ΓÄ»
ΓÄ»ΓÄ»ΓÄ»ΓÄ»ΓÄ»ΓÄ»ΓÄ»ΓÄ»ΓÄ»
ΓÄ»ΓÄ»ΓÄ»ΓÄ»ΓÄ»ΓÄ»ΓÄ»ΓÄ»ΓÄ»
[1/3]ΓÄ»[22m[39m

[41m[1m FAIL [22m[49m s
rc/__tests__/ai.integration
.test.tsx[2m > 
[22mAITutorPage 
Integration[2m > 
[22mshould handle AI 
service errors
[31m[1mTestingLibraryElem
entError[22m[39m: Found 
multiple elements with the 
role "button"

Here are the matching 
elements:

Ignored nodes: comments, 
script, style
[36m<button[39m
  
[33mclass[39m=[32m"flex 
items-center gap-2 text-sm 
text-muted-foreground 
hover:text-foreground 
transition-colors 
group"[39m
[36m>[39m
  [36m<svg[39m
    [33mclass[39m=[32m"l
ucide lucide-arrow-left 
h-4 w-4 
transition-transform group-
hover:-translate-x-1"[39m
    [33mfill[39m=[32m"no
ne"[39m
    [33mheight[39m=[32m"
24"[39m
    [33mstroke[39m=[32m"
currentColor"[39m
    [33mstroke-linecap[39
m=[32m"round"[39m
    [33mstroke-linejoin[3
9m=[32m"round"[39m
    [33mstroke-width[39m=
[32m"2"[39m
    
[33mviewBox[39m=[32m"0 
0 24 24"[39m
    [33mwidth[39m=[32m"2
4"[39m
    [33mxmlns[39m=[32m"h
ttp://www.w3.org/2000/svg"
[39m
  [36m>[39m
    [36m<path[39m
      
[33md[39m=[32m"m12 
19-7-7 7-7"[39m
    [36m/>[39m
    [36m<path[39m
      
[33md[39m=[32m"M19 
12H5"[39m
    [36m/>[39m
  [36m</svg>[39m
  [0mDashboard[0m
[36m</button>[39m

Ignored nodes: comments, 
script, style
[36m<button[39m
  [33mclass[39m=[32m"sna
p-start shrink-0 flex 
items-center gap-2 glass 
rounded-full px-4 py-2 
text-xs font-medium 
text-violet-200 
hover:bg-violet-500/20 
transition-colors border 
border-violet-500/20 hover:
border-violet-500/40"[39m
[36m>[39m
  [36m<svg[39m
    [33mclass[39m=[32m"l
ucide lucide-book-open 
w-3.5 h-3.5 
text-violet-400"[39m
    [33mfill[39m=[32m"no
ne"[39m
    [33mheight[39m=[32m"
24"[39m
    [33mstroke[39m=[32m"
currentColor"[39m
    [33mstroke-linecap[39
m=[32m"round"[39m
    [33mstroke-linejoin[3
9m=[32m"round"[39m
    [33mstroke-width[39m=
[32m"2"[39m
    
[33mviewBox[39m=[32m"0 
0 24 24"[39m
    [33mwidth[39m=[32m"2
4"[39m
    [33mxmlns[39m=[32m"h
ttp://www.w3.org/2000/svg"
[39m
  [36m>[39m
    [36m<path[39m
      
[33md[39m=[32m"M12 
7v14"[39m
    [36m/>[39m
    [36m<path[39m
      [33md[39m=[32m"M3 
18a1 1 0 0 1-1-1V4a1 1 0 0 
1 1-1h5a4 4 0 0 1 4 4 4 4 
0 0 1 4-4h5a1 1 0 0 1 1 
1v13a1 1 0 0 1-1 1h-6a3 3 
0 0 0-3 3 3 3 0 0 
0-3-3z"[39m
    [36m/>[39m
  [36m</svg>[39m
  [0mExplain Present 
Perfect Tense[0m
[36m</button>[39m

Ignored nodes: comments, 
script, style
[36m<button[39m
  [33mclass[39m=[32m"sna
p-start shrink-0 flex 
items-center gap-2 glass 
rounded-full px-4 py-2 
text-xs font-medium 
text-violet-200 
hover:bg-violet-500/20 
transition-colors border 
border-violet-500/20 hover:
border-violet-500/40"[39m
[36m>[39m
  [36m<svg[39m
    [33mclass[39m=[32m"l
ucide lucide-pen-tool 
w-3.5 h-3.5 
text-violet-400"[39m
    [33mfill[39m=[32m"no
ne"[39m
    [33mheight[39m=[32m"
24"[39m
    [33mstroke[39m=[32m"
currentColor"[39m
    [33mstroke-linecap[39
m=[32m"round"[39m
    [33mstroke-linejoin[3
9m=[32m"round"[39m
    [33mstroke-width[39m=
[32m"2"[39m
    
[33mviewBox[39m=[32m"0 
0 24 24"[39m
    [33mwidth[39m=[32m"2
4"[39m
    [33mxmlns[39m=[32m"h
ttp://www.w3.org/2000/svg"
[39m
  [36m>[39m
    [36m<path[39m
      
[33md[39m=[32m"M15.707 
21.293a1 1 0 0 1-1.414 
0l-1.586-1.586a1 1 0 0 1 
0-1.414l5.586-5.586a1 1 0 
0 1 1.414 0l1.586 1.586a1 
1 0 0 1 0 1.414z"[39m
    [36m/>[39m
    [36m<path[39m
      
[33md[39m=[32m"m18 
13-1.375-6.874a1 1 0 0 
0-.746-.776L3.235 2.028a1 
1 0 0 0-1.207 1.207L5.35 
15.879a1 1 0 0 0 
.776.746L13 18"[39m
    [36m/>[39m
    [36m<path[39m
      
[33md[39m=[32m"m2.3 2.3 
7.286 7.286"[39m
    [36m/>[39m
    [36m<circle[39m
      
[33mcx[39m=[32m"11"[39m
      
[33mcy[39m=[32m"11"[39m
      
[33mr[39m=[32m"2"[39m
    [36m/>[39m
  [36m</svg>[39m
  [0mReview my essay 
structure[0m
[36m</button>[39m

Ignored nodes: comments, 
script, style
[36m<button[39m
  [33mclass[39m=[32m"sna
p-start shrink-0 flex 
items-center gap-2 glass 
rounded-full px-4 py-2 
text-xs font-medium 
text-violet-200 
hover:bg-violet-500/20 
transition-colors border 
border-violet-500/20 hover:
border-violet-500/40"[39m
[36m>[39m
  [36m<svg[39m
    [33mclass[39m=[32m"l
ucide lucide-sparkles 
w-3.5 h-3.5 
text-violet-400"[39m
    [33mfill[39m=[32m"no
ne"[39m
    [33mheight[39m=[32m"
24"[39m
    [33mstroke[39m=[32m"
currentColor"[39m
    [33mstroke-linecap[39
m=[32m"round"[39m
    [33mstroke-linejoin[3
9m=[32m"round"[39m
    [33mstroke-width[39m=
[32m"2"[39m
    
[33mviewBox[39m=[32m"0 
0 24 24"[39m
    [33mwidth[39m=[32m"2
4"[39m
    [33mxmlns[39m=[32m"h
ttp://www.w3.org/2000/svg"
[39m
  [36m>[39m
    [36m<path[39m
      
[33md[39m=[32m"M9.937 
15.5A2 2 0 0 0 8.5 
14.063l-6.135-1.582a.5.5 0 
0 1 0-.962L8.5 9.936A2 2 0 
0 0 9.937 
8.5l1.582-6.135a.5.5 0 0 1 
.963 0L14.063 8.5A2 2 0 0 
0 15.5 9.937l6.135 
1.581a.5.5 0 0 1 0 
.964L15.5 14.063a2 2 0 0 
0-1.437 1.437l-1.582 
6.135a.5.5 0 0 1-.963 
0z"[39m
    [36m/>[39m
    [36m<path[39m
      
[33md[39m=[32m"M20 
3v4"[39m
    [36m/>[39m
    [36m<path[39m
      
[33md[39m=[32m"M22 
5h-4"[39m
    [36m/>[39m
    [36m<path[39m
      [33md[39m=[32m"M4 
17v2"[39m
    [36m/>[39m
    [36m<path[39m
      [33md[39m=[32m"M5 
18H3"[39m
    [36m/>[39m
  [36m</svg>[39m
  [0mHow to improve 
vocabulary?[0m
[36m</button>[39m

Ignored nodes: comments, 
script, style
[36m<button[39m
  [33mclass[39m=[32m"sna
p-start shrink-0 flex 
items-center gap-2 glass 
rounded-full px-4 py-2 
text-xs font-medium 
text-violet-200 
hover:bg-violet-500/20 
transition-colors border 
border-violet-500/20 hover:
border-violet-500/40"[39m
[36m>[39m
  [36m<svg[39m
    [33mclass[39m=[32m"l
ucide lucide-mic w-3.5 
h-3.5 text-violet-400"[39m
    [33mfill[39m=[32m"no
ne"[39m
    [33mheight[39m=[32m"
24"[39m
    [33mstroke[39m=[32m"
currentColor"[39m
    [33mstroke-linecap[39
m=[32m"round"[39m
    [33mstroke-linejoin[3
9m=[32m"round"[39m
    [33mstroke-width[39m=
[32m"2"[39m
    
[33mviewBox[39m=[32m"0 
0 24 24"[39m
    [33mwidth[39m=[32m"2
4"[39m
    [33mxmlns[39m=[32m"h
ttp://www.w3.org/2000/svg"
[39m
  [36m>[39m
    [36m<path[39m
      
[33md[39m=[32m"M12 2a3 
3 0 0 0-3 3v7a3 3 0 0 0 6 
0V5a3 3 0 0 0-3-3Z"[39m
    [36m/>[39m
    [36m<path[39m
      
[33md[39m=[32m"M19 
10v2a7 7 0 0 1-14 
0v-2"[39m
    [36m/>[39m
    [36m<line[39m
      
[33mx1[39m=[32m"12"[39m
      
[33mx2[39m=[32m"12"[39m
      
[33my1[39m=[32m"19"[39m
      
[33my2[39m=[32m"22"[39m
    [36m/>[39m
  [36m</svg>[39m
  [0mTips for speaking 
fluently[0m
[36m</button>[39m

Ignored nodes: comments, 
script, style
[36m<button[39m
  [33mclass[39m=[32m"shr
ink-0 h-14 w-14 
rounded-2xl flex 
items-center 
justify-center 
transition-all 
disabled:opacity-50 disable
d:cursor-not-allowed 
group"[39m
  [33mdisabled[39m=[32m"
"[39m
  [33mstyle[39m=[32m"bac
kground: rgba(255, 255, 
255, 0.05); box-shadow: 
none;"[39m
[36m>[39m
  [36m<svg[39m
    [33mclass[39m=[32m"l
ucide lucide-send w-5 h-5 
text-muted-foreground"[39m
    [33mfill[39m=[32m"no
ne"[39m
    [33mheight[39m=[32m"
24"[39m
    [33mstroke[39m=[32m"
currentColor"[39m
    [33mstroke-linecap[39
m=[32m"round"[39m
    [33mstroke-linejoin[3
9m=[32m"round"[39m
    [33mstroke-width[39m=
[32m"2"[39m
    
[33mviewBox[39m=[32m"0 
0 24 24"[39m
    [33mwidth[39m=[32m"2
4"[39m
    [33mxmlns[39m=[32m"h
ttp://www.w3.org/2000/svg"
[39m
  [36m>[39m
    [36m<path[39m
      
[33md[39m=[32m"M14.536 
21.686a.5.5 0 0 0 
.937-.024l6.5-19a.496.496 
0 0 0-.635-.635l-19 
6.5a.5.5 0 0 
0-.024.937l7.93 3.18a2 2 0 
0 1 1.112 1.11z"[39m
    [36m/>[39m
    [36m<path[39m
      
[33md[39m=[32m"m21.854 
2.147-10.94 10.939"[39m
    [36m/>[39m
  [36m</svg>[39m
[36m</button>[39m

(If this is intentional, 
then use the `*AllBy*` 
variant of the query (like 
`queryAllByText`, 
`getAllByText`, or 
`findAllByText`)).

Ignored nodes: comments, 
script, style
[36m<body>[39m
  [36m<div>[39m
    [36m<div[39m
      [33mclass[39m=[32m
"min-h-screen animated-bg 
flex flex-col relative 
pb-safe 
text-foreground"[39m
    [36m>[39m
      [36m<div[39m
        
[33mclass[39m=[32m"orb 
orb-violet w-[350px] 
h-[350px] -top-20 right-20 
float opacity-30 
pointer-events-none"[39m
      [36m/>[39m
      [36m<div[39m
        
[33mclass[39m=[32m"orb 
orb-cyan w-[250px] 
h-[250px] bottom-40 
-left-10 float-delayed 
opacity-20 
pointer-events-none"[39m
      [36m/>[39m
      [36m<header[39m
        [33mclass[39m=[3
2m"glass-strong sticky 
top-0 z-50 border-b 
border-border/50 
backdrop-blur-3xl"[39m
      [36m>[39m
        [36m<div[39m
          [33mclass[39m=
[32m"container mx-auto 
flex items-center 
justify-between px-6 py-4 
max-w-4xl"[39m
        [36m>[39m
          [36m<button[39m
            
[33mclass[39m=[32m"flex 
items-center gap-2 text-sm 
text-muted-foreground 
hover:text-foreground 
transition-colors 
group"[39m
          [36m>[39m
            [36m<svg[39m
              [33mclass[3
9m=[32m"lucide 
lucide-arrow-left h-4 w-4 
transition-transform group-
hover:-translate-x-1"[39m
              [33mfill[39
m=[32m"none"[39m
              [33mheight[
39m=[32m"24"[39m
              [33mstroke[
39m=[32m"currentColor"[39
m
              [33mstroke-l
inecap[39m=[32m"round"[3
9m
              [33mstroke-l
inejoin[39m=[32m"round"[
39m
              [33mstroke-w
idth[39m=[32m"2"[39m
              
[33mviewBox[39m=[32m"0 
0 24 24"[39m
              [33mwidth[3
9m=[32m"24"[39m
              [33mxmlns[3
9m=[32m"http://www.w3.org/
2000/svg"[39m
            [36m>[39m
              
[36m<path[39m
                
[33md[39m=[32m"m12 
19-7-7 7-7"[39m
              [36m/>[39m
              
[36m<path[39m
                
[33md[39m=[32m"M19 
12H5"[39m
              [36m/>[39m
            
[36m</svg>[39m
            
[0mDashboard[0m
          
[36m</button>[39m
          [36m<div[39m
            
[33mclass[39m=[32m"flex 
items-center gap-3"[39m
          [36m>[39m
            [36m<div[39m
              [33mclass[3
9m=[32m"relative"[39m
            [36m>[39m
              
[36m<div[39m
                
[33mclass[39m=[32m"w-10 
h-10 rounded-full flex 
items-center 
justify-center 
bg-gradient-to-br 
from-violet-500 
to-fuchsia-600 shadow-[0_0_
15px_rgba(139,92,246,0.4)]"
[39m
              [36m>[39m
                
[36m<svg[39m
                  [33mclas
s[39m=[32m"lucide 
lucide-bot w-5 h-5 
text-white"[39m
                  [33mfill
[39m=[32m"none"[39m
                  [33mheig
ht[39m=[32m"24"[39m
                  [33mstro
ke[39m=[32m"currentColor"
[39m
                  [33mstro
ke-linecap[39m=[32m"round
"[39m
                  [33mstro
ke-linejoin[39m=[32m"roun
d"[39m
                  [33mstro
ke-width[39m=[32m"2"[39m
                  
[33mviewBox[39m=[32m"0 
0 24 24"[39m
                  [33mwidt
h[39m=[32m"24"[39m
                  [33mxmln
s[39m=[32m"http://www.w3.
org/2000/svg"[39m
                [36m>[39m
                  
[36m<path[39m
                    
[33md[39m=[32m"M12 
8V4H8"[39m
                  
[36m/>[39m
                  
[36m<rect[39m
                    [33mhe
ight[39m=[32m"12"[39m
                    
[33mrx[39m=[32m"2"[39m
                    [33mwi
dth[39m=[32m"16"[39m
                    
[33mx[39m=[32m"4"[39m
                    
[33my[39m=[32m"8"[39m
                  
[36m/>[39m
                  
[36m<path[39m
                    
[33md[39m=[32m"M2 
14h2"[39m
                  
[36m/>[39m
                  
[36m<path[39m
                    
[33md[39m=[32m"M20 
14h2"[39m
                  
[36m/>[39m
                  
[36m<path[39m
                    
[33md[39m=[32m"M15 
13v2"[39m
                  
[36m/>[39m
                  
[36m<path[39m
                    
[33md[39m=[32m"M9 
13v2"[39m
                  
[36m/>[39m
                
[36m</svg>[39m
              
[36m</div>[39m
              
[36m<span[39m
                [33mclass
[39m=[32m"absolute 
bottom-0 right-0 w-3 h-3 
bg-green-500 border-2 
border-[#120a1f] 
rounded-full"[39m
              [36m/>[39m
            
[36m</div>[39m
            [36m<div[39m
              
[33mclass[39m=[32m"flex 
flex-col"[39m
            [36m>[39m
              
[36m<span[39m
                [33mclass
[39m=[32m"text-sm 
font-bold font-poppins 
text-foreground 
tracking-wide"[39m
              [36m>[39m
                [0mFluent 
AI Tutor[0m
              
[36m</span>[39m
              
[36m<span[39m
                [33mclass
[39m=[32m"text-[10px] 
text-green-400 
font-medium"[39m
              [36m>[39m
                
[0mOnline[0m
              
[36m</span>[39m
            
[36m</div>[39m
          [36m</div>[39m
          [36m<div[39m
            [33mclass[39m
=[32m"w-20"[39m
          [36m/>[39m
          [0m [0m
        [36m</div>[39m
      [36m</header>[39m
      [36m<main[39m
        [33mclass[39m=[3
2m"flex-1 overflow-y-auto 
px-4 py-8 relative z-10 
w-full max-w-4xl mx-auto 
scroll-smooth"[39m
      [36m>[39m
        [36m<div[39m
          
[33mclass[39m=[32m"flex 
flex-col gap-6"[39m
        [36m>[39m
          [36m<div[39m
            [33manimate[3
9m=[32m"[object 
Object]"[39m
            
[33mclass[39m=[32m"flex 
items-end gap-3 
max-w-[85%] mr-auto"[39m
            [33minitial[3
9m=[32m"[object 
Object]"[39m
          [36m>[39m
            [36m<div[39m
              [33mclass[3
9m=[32m"shrink-0 w-8 h-8 
rounded-full flex 
items-center 
justify-center 
bg-violet-500/20"[39m
            [36m>[39m
              
[36m<svg[39m
                [33mclass
[39m=[32m"lucide 
lucide-bot w-4 h-4 
text-violet-400"[39m
                [33mfill[
39m=[32m"none"[39m
                [33mheight
[39m=[32m"24"[39m
                [33mstroke
[39m=[32m"currentColor"[
39m
                [33mstroke
-linecap[39m=[32m"round"
[39m
                [33mstroke
-linejoin[39m=[32m"round"
[39m
                [33mstroke
-width[39m=[32m"2"[39m
                
[33mviewBox[39m=[32m"0 
0 24 24"[39m
                [33mwidth
[39m=[32m"24"[39m
                [33mxmlns
[39m=[32m"http://www.w3.or
g/2000/svg"[39m
              [36m>[39m
                
[36m<path[39m
                  
[33md[39m=[32m"M12 
8V4H8"[39m
                
[36m/>[39m
                
[36m<rect[39m
                  [33mheig
ht[39m=[32m"12"[39m
                  
[33mrx[39m=[32m"2"[39m
                  [33mwidt
h[39m=[32m"16"[39m
                  
[33mx[39m=[32m"4"[39m
                  
[33my[39m=[32m"8"[39m
                
[36m/>[39m
                
[36m<path[39m
                  
[33md[39m=[32m"M2 
14h2"[39m
                
[36m/>[39m
                
[36m<path[39m
                  
[33md[39m=[32m"M20 
14h2"[39m
                
[36m/>[39m
                [36m<p...
[90m [2mΓ¥»[22m 
Object.getElementError node
_modules/@testing-library/d
om/dist/config.js:[2m37:19
[22m[39m
[90m [2mΓ¥»[22m 
getElementError node_module
s/@testing-library/dom/dist
/query-helpers.js:[2m20:35
[22m[39m
[90m [2mΓ¥»[22m getMulti
pleElementsFoundError node_
modules/@testing-library/do
m/dist/query-helpers.js:[2
m23:10[22m[39m
[90m [2mΓ¥»[22m node_mod
ules/@testing-library/dom/d
ist/query-helpers.js:[2m55
:13[22m[39m
[90m [2mΓ¥»[22m 
getByRole node_modules/@tes
ting-library/dom/dist/query
-helpers.js:[2m95:19[22m
[39m
[36m [2mΓ¥»[22m src/__te
sts__/ai.integration.test.t
sx:[2m48:35[22m[39m
    [90m 46| [39m
    [90m 47| [39m        
const textarea = screen.get
ByPlaceholderText(/Ask me 
anything ΓÇª
    [90m 48| [39m        
[35mconst[39m sendButton 
[33m=[39m screen[33m.[3
9m[34mgetByRole[39m([32m
"button"[39m)[33m;[39m
    [90m   | [39m        
                          
[31m^[39m
    [90m 49| [39m
    [90m 50| [39m        
fireEvent[33m.[39m[34mch
ange[39m(textarea[33m,[3
9m { target[33m:[39m { 
value[33m:[39m 
[32m"Fail me"[39m } 
})[33m;[39m

[31m[2mΓÄ»ΓÄ»ΓÄ»ΓÄ»ΓÄ»ΓÄ»
ΓÄ»ΓÄ»ΓÄ»ΓÄ»ΓÄ»ΓÄ»ΓÄ»ΓÄ»ΓÄ»
ΓÄ»ΓÄ»ΓÄ»ΓÄ»ΓÄ»ΓÄ»ΓÄ»ΓÄ»ΓÄ»
[2/3]ΓÄ»[22m[39m

[41m[1m FAIL [22m[49m s
rc/__tests__/leaderboard.in
tegration.test.tsx[2m > 
[22mLeaderboard 
Integration[2m > 
[22mshould render mock 
users after loading
[31m[1mTestingLibraryElem
entError[22m[39m: Unable 
to find an element with 
the text: /alice/i. This 
could be because the text 
is broken up by multiple 
elements. In this case, 
you can provide a function 
for your text matcher to 
make your matcher more 
flexible.

Ignored nodes: comments, 
script, style
[36m<body>[39m
  [36m<div>[39m
    [36m<div[39m
      [33mclass[39m=[32m
"min-h-screen animated-bg 
text-foreground"[39m
    [36m>[39m
      [36m<div[39m
        [33mclass[39m=[3
2m"relative 
overflow-hidden"[39m
      [36m>[39m
        [36m<div[39m
          [33mclass[39m=
[32m"absolute inset-0 
bg-gradient-to-b 
from-violet-950/20 
via-transparent 
to-transparent 
pointer-events-none"[39m
        [36m/>[39m
        [36m<header[39m
          [33mclass[39m=
[32m"relative pt-8 pb-4 
px-4"[39m
        [36m>[39m
          [36m<div[39m
            [33mclass[39m
=[32m"max-w-4xl mx-auto 
text-center"[39m
          [36m>[39m
            [36m<div[39m
              [33manimate
[39m=[32m"[object 
Object]"[39m
              [33mclass[3
9m=[32m"inline-flex 
items-center gap-2 
mb-3"[39m
              [33minitial
[39m=[32m"[object 
Object]"[39m
            [36m>[39m
              
[36m<svg[39m
                [33mclass
[39m=[32m"lucide 
lucide-sparkles w-6 h-6 
text-violet-400 
animate-sparkle"[39m
                [33mfill[
39m=[32m"none"[39m
                [33mheight
[39m=[32m"24"[39m
                [33mstroke
[39m=[32m"currentColor"[
39m
                [33mstroke
-linecap[39m=[32m"round"
[39m
                [33mstroke
-linejoin[39m=[32m"round"
[39m
                [33mstroke
-width[39m=[32m"2"[39m
                
[33mviewBox[39m=[32m"0 
0 24 24"[39m
                [33mwidth
[39m=[32m"24"[39m
                [33mxmlns
[39m=[32m"http://www.w3.or
g/2000/svg"[39m
              [36m>[39m
                
[36m<path[39m
                  
[33md[39m=[32m"M9.937 
15.5A2 2 0 0 0 8.5 
14.063l-6.135-1.582a.5.5 0 
0 1 0-.962L8.5 9.936A2 2 0 
0 0 9.937 
8.5l1.582-6.135a.5.5 0 0 1 
.963 0L14.063 8.5A2 2 0 0 
0 15.5 9.937l6.135 
1.581a.5.5 0 0 1 0 
.964L15.5 14.063a2 2 0 0 
0-1.437 1.437l-1.582 
6.135a.5.5 0 0 1-.963 
0z"[39m
                
[36m/>[39m
                
[36m<path[39m
                  
[33md[39m=[32m"M20 
3v4"[39m
                
[36m/>[39m
                
[36m<path[39m
                  
[33md[39m=[32m"M22 
5h-4"[39m
                
[36m/>[39m
                
[36m<path[39m
                  
[33md[39m=[32m"M4 
17v2"[39m
                
[36m/>[39m
                
[36m<path[39m
                  
[33md[39m=[32m"M5 
18H3"[39m
                
[36m/>[39m
              
[36m</svg>[39m
              [36m<h1[39m
                [33mclass
[39m=[32m"text-4xl 
md:text-5xl font-bold 
bg-gradient-to-r 
from-violet-400 
via-purple-500 
to-violet-600 bg-clip-text 
text-transparent"[39m
              [36m>[39m
                
[0mLeaderboard[0m
              
[36m</h1>[39m
              
[36m<svg[39m
                [33mclass
[39m=[32m"lucide 
lucide-sparkles w-6 h-6 
text-violet-400 
animate-sparkle"[39m
                [33mfill[
39m=[32m"none"[39m
                [33mheight
[39m=[32m"24"[39m
                [33mstroke
[39m=[32m"currentColor"[
39m
                [33mstroke
-linecap[39m=[32m"round"
[39m
                [33mstroke
-linejoin[39m=[32m"round"
[39m
                [33mstroke
-width[39m=[32m"2"[39m
                [33mstyle
[39m=[32m"animation-delay:
 1s;"[39m
                
[33mviewBox[39m=[32m"0 
0 24 24"[39m
                [33mwidth
[39m=[32m"24"[39m
                [33mxmlns
[39m=[32m"http://www.w3.or
g/2000/svg"[39m
              [36m>[39m
                
[36m<path[39m
                  
[33md[39m=[32m"M9.937 
15.5A2 2 0 0 0 8.5 
14.063l-6.135-1.582a.5.5 0 
0 1 0-.962L8.5 9.936A2 2 0 
0 0 9.937 
8.5l1.582-6.135a.5.5 0 0 1 
.963 0L14.063 8.5A2 2 0 0 
0 15.5 9.937l6.135 
1.581a.5.5 0 0 1 0 
.964L15.5 14.063a2 2 0 0 
0-1.437 1.437l-1.582 
6.135a.5.5 0 0 1-.963 
0z"[39m
                
[36m/>[39m
                
[36m<path[39m
                  
[33md[39m=[32m"M20 
3v4"[39m
                
[36m/>[39m
                
[36m<path[39m
                  
[33md[39m=[32m"M22 
5h-4"[39m
                
[36m/>[39m
                
[36m<path[39m
                  
[33md[39m=[32m"M4 
17v2"[39m
                
[36m/>[39m
                
[36m<path[39m
                  
[33md[39m=[32m"M5 
18H3"[39m
                
[36m/>[39m
              
[36m</svg>[39m
            
[36m</div>[39m
            [36m<p[39m
              [33mclass[3
9m=[32m"text-gray-400 
text-lg"[39m
            [36m>[39m
              [0mTop 
Language Learners This 
Week[0m
            [36m</p>[39m
          [36m</div>[39m
        [36m</header>[39m
        [36m<div[39m
          [33manimate[39m
=[32m"[object 
Object]"[39m
          [33minitial[39m
=[32m"[object 
Object]"[39m
          [33mtransition[
39m=[32m"[object 
Object]"[39m
        [36m>[39m
          [36m<div[39m
            [33mclass[39m
=[32m"mt-8"[39m
          [36m/>[39m
        [36m</div>[39m
      [36m</div>[39m
      [36m<nav[39m
        [33manimate[39m=
[32m"[object Object]"[39m
        [33mclass[39m=[3
2m"fixed bottom-0 left-0 
right-0 z-50 flex 
justify-around 
items-center px-4 
py-3"[39m
        [33minitial[39m=
[32m"[object Object]"[39m
        [33mstyle[39m=[3
2m"background: rgba(15, 
10, 30, 0.75); 
backdrop-filter: 
blur(20px); border-top: 
1px solid rgba(139, 92, 
246, 0.2); box-shadow: 0 
-4px 30px rgba(139, 92, 
246, 0.1);"[39m
        [33mtransition[39
m=[32m"[object 
Object]"[39m
      [36m>[39m
        [36m<button[39m
          [33maria-label[
39m=[32m"Go to Home"[39m
          
[33mclass[39m=[32m"flex 
flex-col items-center 
gap-1 px-4 py-2 
rounded-2xl transition-all 
duration-200 
focus:outline-none 
focus:ring-2 
focus:ring-violet-500"[39m
          [33mstyle[39m=
[32m"background: rgba(139, 
92, 246, 0.18); border: 
1px solid rgba(139, 92, 
246, 0.35);"[39m
          [33mwhilehover[
39m=[32m"[object 
Object]"[39m
          [33mwhiletap[39
m=[32m"[object 
Object]"[39m
        [36m>[39m
          [36m<svg[39m
            [33mclass[39m
=[32m"lucide lucide-house 
w-5 h-5 transition-all 
duration-200"[39m
            [33mfill[39m=
[32m"none"[39m
            [33mheight[39
m=[32m"24"[39m
            [33mstroke[39
m=[32m"currentColor"[39m
            [33mstroke-lin
ecap[39m=[32m"round"[39m
            [33mstroke-lin
ejoin[39m=[32m"round"[39
m
            [33mstroke-wid
th[39m=[32m"2"[39m
            [33mstyle[39m
=[32m"color: rgb(191, 
140, 242); filter: 
drop-shadow(0 0 6px 
hsl(270 80% 65%));"[39m
            
[33mviewBox[39m=[32m"0 
0 24 24"[39m
            [33mwidth[39m
=[32m"24"[39m
            [33mxmlns[39m
=[32m"http://www.w3.org/20
00/svg"[39m
          [36m>[39m
            [36m<path[39m
              
[33md[39m=[32m"M15 
21v-8a1 1 0 0 0-1-1h-4a1 1 
0 0 0-1 1v8"[39m
            [36m/>[39m
            [36m<path[39m
              
[33md[39m=[32m"M3 10a2 
2 0 0 1 
.709-1.528l7-5.999a2 2 0 0 
1 2.582 0l7 5.999A2 2 0 0 
1 21 10v9a2 2 0 0 1-2 
2H5a2 2 0 0 1-2-2z"[39m
            [36m/>[39m
          [36m</svg>[39m
          [36m...

Ignored nodes: comments, 
script, style
[36m<html>[39m
  [36m<head />[39m
  [36m<body>[39m
    [36m<div>[39m
      [36m<div[39m
        [33mclass[39m=[3
2m"min-h-screen 
animated-bg 
text-foreground"[39m
      [36m>[39m
        [36m<div[39m
          [33mclass[39m=
[32m"relative 
overflow-hidden"[39m
        [36m>[39m
          [36m<div[39m
            [33mclass[39m
=[32m"absolute inset-0 
bg-gradient-to-b 
from-violet-950/20 
via-transparent 
to-transparent 
pointer-events-none"[39m
          [36m/>[39m
          [36m<header[39m
            [33mclass[39m
=[32m"relative pt-8 pb-4 
px-4"[39m
          [36m>[39m
            [36m<div[39m
              [33mclass[3
9m=[32m"max-w-4xl mx-auto 
text-center"[39m
            [36m>[39m
              
[36m<div[39m
                [33manimat
e[39m=[32m"[object 
Object]"[39m
                [33mclass
[39m=[32m"inline-flex 
items-center gap-2 
mb-3"[39m
                [33minitia
l[39m=[32m"[object 
Object]"[39m
              [36m>[39m
                
[36m<svg[39m
                  [33mclas
s[39m=[32m"lucide 
lucide-sparkles w-6 h-6 
text-violet-400 
animate-sparkle"[39m
                  [33mfill
[39m=[32m"none"[39m
                  [33mheig
ht[39m=[32m"24"[39m
                  [33mstro
ke[39m=[32m"currentColor"
[39m
                  [33mstro
ke-linecap[39m=[32m"round
"[39m
                  [33mstro
ke-linejoin[39m=[32m"roun
d"[39m
                  [33mstro
ke-width[39m=[32m"2"[39m
                  
[33mviewBox[39m=[32m"0 
0 24 24"[39m
                  [33mwidt
h[39m=[32m"24"[39m
                  [33mxmln
s[39m=[32m"http://www.w3.
org/2000/svg"[39m
                [36m>[39m
                  
[36m<path[39m
                    
[33md[39m=[32m"M9.937 
15.5A2 2 0 0 0 8.5 
14.063l-6.135-1.582a.5.5 0 
0 1 0-.962L8.5 9.936A2 2 0 
0 0 9.937 
8.5l1.582-6.135a.5.5 0 0 1 
.963 0L14.063 8.5A2 2 0 0 
0 15.5 9.937l6.135 
1.581a.5.5 0 0 1 0 
.964L15.5 14.063a2 2 0 0 
0-1.437 1.437l-1.582 
6.135a.5.5 0 0 1-.963 
0z"[39m
                  
[36m/>[39m
                  
[36m<path[39m

[2m Test Files [22m [1m[31m2 failed[39m[22m[90m (2)[39m
[2m      Tests [22m [1m[31m3 failed[39m[22m[2m | [22m[1m[32m1 passed[39m[22m[90m (4)[39m
[2m   Start at [22m 14:23:14
                    
[33md[39m=[32m"M20 
3v4"[39m
                  
[36m/>[39m
                  
[36m<path[39m
                    
[33md[39m=[32m"M22 
5h-4"[39m
                  
[36m/>[39m
                  
[36m<path[39m
                    
[33md[39m=[32m"M4 
17v2"[39m
                  
[36m/>[39m
                  
[36m<path[39m
                    
[33md[39m=[32m"M5 
18H3"[39m
                  
[36m/>[39m
                
[36m</svg>[39m
                
[36m<h1[39m
                  [33mclas
s[39m=[32m"text-4xl 
md:text-5xl font-bold 
bg-gradient-to-r 
from-violet-400 
via-purple-500 
to-violet-600 bg-clip-text 
text-transparent"[39m
                [36m>[39m
                  
[0mLeaderboard[0m
                
[36m</h1>[39m
                
[36m<svg[39m
                  [33mclas
s[39m=[32m"lucide 
lucide-sparkles w-6 h-6 
text-violet-400 
animate-sparkle"[39m
                  [33mfill
[39m=[32m"none"[39m
                  [33mheig
ht[39m=[32m"24"[39m
                  [33mstro
ke[39m=[32m"currentColor"
[39m
[2m   Duration [22m 9.24s[2m (transform 481ms, setup 1.09s, collect 4.83s, tests 2.23s, environment 6.19s, prepare 593ms)[22m

                  [33mstro
ke-linecap[39m=[32m"round
"[39m
                  [33mstro
ke-linejoin[39m=[32m"roun
d"[39m
                  [33mstro
ke-width[39m=[32m"2"[39m
                  [33mstyl
e[39m=[32m"animation-dela
y: 1s;"[39m
                  
[33mviewBox[39m=[32m"0 
0 24 24"[39m
                  [33mwidt
h[39m=[32m"24"[39m
                  [33mxmln
s[39m=[32m"http://www.w3.
org/2000/svg"[39m
                [36m>[39m
                  
[36m<path[39m
                    
[33md[39m=[32m"M9.937 
15.5A2 2 0 0 0 8.5 
14.063l-6.135-1.582a.5.5 0 
0 1 0-.962L8.5 9.936A2 2 0 
0 0 9.937 
8.5l1.582-6.135a.5.5 0 0 1 
.963 0L14.063 8.5A2 2 0 0 
0 15.5 9.937l6.135 
1.581a.5.5 0 0 1 0 
.964L15.5 14.063a2 2 0 0 
0-1.437 1.437l-1.582 
6.135a.5.5 0 0 1-.963 
0z"[39m
                  
[36m/>[39m
                  
[36m<path[39m
                    
[33md[39m=[32m"M20 
3v4"[39m
                  
[36m/>[39m
                  
[36m<path[39m
                    
[33md[39m=[32m"M22 
5h-4"[39m
                  
[36m/>[39m
                  
[36m<path[39m
                    
[33md[39m=[32m"M4 
17v2"[39m
                  
[36m/>[39m
                  
[36m<path[39m
                    
[33md[39m=[32m"M5 
18H3"[39m
                  
[36m/>[39m
                
[36m</svg>[39m
              
[36m</div>[39m
              [36m<p[39m
                [33mclass
[39m=[32m"text-gray-400 
text-lg"[39m
              [36m>[39m
                [0mTop 
Language Learners This 
Week[0m
              
[36m</p>[39m
            
[36m</div>[39m
          
[36m</header>[39m
          [36m<div[39m
            [33manimate[3
9m=[32m"[object 
Object]"[39m
            [33minitial[3
9m=[32m"[object 
Object]"[39m
            [33mtransition
[39m=[32m"[object 
Object]"[39m
          [36m>[39m
            [36m<div[39m
              [33mclass[3
9m=[32m"mt-8"[39m
            [36m/>[39m
          [36m</div>[39m
        [36m</div>[39m
        [36m<nav[39m
          [33manimate[39m
=[32m"[object 
Object]"[39m
          [33mclass[39m=
[32m"fixed bottom-0 left-0 
right-0 z-50 flex 
justify-around 
items-center px-4 
py-3"[39m
          [33minitial[39m
=[32m"[object 
Object]"[39m
          [33mstyle[39m=
[32m"background: rgba(15, 
10, 30, 0.75); 
backdrop-filter: 
blur(20px); border-top: 
1px solid rgba(139, 92, 
246, 0.2); box-shadow: 0 
-4px 30px rgba(139, 92, 
246, 0.1);"[39m
          [33mtransition[
39m=[32m"[object 
Object]"[39m
        [36m>[39m
          [36m<button[39m
            [33maria-label
[39m=[32m"Go to 
Home"[39m
            
[33mclass[39m=[32m"flex 
flex-col items-center 
gap-1 px-4 py-2 
rounded-2xl transition-all 
duration-200 
focus:outline-none 
focus:ring-2 
focus:ring-violet-500"[39m
            [33mstyle[39m
=[32m"background: 
rgba(139, 92, 246, 0.18); 
border: 1px solid 
rgba(139, 92, 246, 
0.35);"[39m
            [33mwhilehover
[39m=[32m"[object 
Object]"[39m
            [33mwhiletap[
39m=[32m"[object 
Object]"[39m
          [36m>[39m
            [36m<svg[39m
              [33mclass[3
9m=[32m"lucide 
lucide-house w-5 h-5 
transition-all 
duration-200"[39m
              [33mfill[39
m=[32m"none"[39m
              [33mheight[
39m=[32m"24"[39m
              [33mstroke[
39m=[32m"currentColor"[39
m
              [33mstroke-l
inecap[39m=[32m"round"[3
9m
              [33mstroke-l
inejoin[39m=[32m"round"[
39m
              [33mstroke-w
idth[39m=[32m"2"[39m
              [33mstyle[3
9m=[32m"color: rgb(191, 
140, 242); filter: 
drop-shadow(0 0 6px 
hsl(270 80% 65%));"[39m
              
[33mviewBox[39m=[32m"0 
0 24 24"[39m
              [33mwidth[3
9m=[32m"24"[39m
              [33mxmlns[3
9m=[32m"http://www.w3.org/
2000/svg"[39m
            [36m>[39m
              
[36m<path[39m
                
[33md[39m=[32m"M15 
21v-8a1 1 0 0...
[90m [2mΓ¥»[22m 
Module.waitFor node_modules
/@testing-library/dom/dist/
wait-for.js:[2m163:27[22m
[39m
[36m [2mΓ¥»[22m src/__te
sts__/leaderboard.integrati
on.test.tsx:[2m29:11[22m
[39m
    [90m 27| [39m
    [90m 28| [39m    
[90m// Verify loading 
skeletons or podium 
items[39m
    [90m 29| [39m    
[35mawait[39m 
[34mwaitFor[39m(() 
[33m=>[39m {
    [90m   | [39m        
  [31m^[39m
    [90m 30| [39m        
[90m// Alice should be in 
the podium or leaderboard 
list[39m
    [90m 31| [39m        
[90m// Note: the 
component splits email to 
get username[39m

[31m[2mΓÄ»ΓÄ»ΓÄ»ΓÄ»ΓÄ»ΓÄ»
ΓÄ»ΓÄ»ΓÄ»ΓÄ»ΓÄ»ΓÄ»ΓÄ»ΓÄ»ΓÄ»
ΓÄ»ΓÄ»ΓÄ»ΓÄ»ΓÄ»ΓÄ»ΓÄ»ΓÄ»ΓÄ»
[3/3]ΓÄ»[22m[39m

