src/config/db.ts(30,17): error TS7034: Variable 'flattened' implicitly has type 'any[]' in some locations where its type cannot be determined.
src/config/db.ts(46,39): error TS7005: Variable 'flattened' implicitly has an 'any[]' type.
