src/controllers/userController.ts(10,14): error TS2554: Expected 0 arguments, but got 1.
src/controllers/userController.ts(12,9): error TS2349: This expression is not callable.
  Type 'Number' has no call signatures.
src/controllers/userController.ts(28,14): error TS2554: Expected 0 arguments, but got 1.
src/controllers/userController.ts(31,18): error TS2349: This expression is not callable.
  Type 'Number' has no call signatures.
src/controllers/userController.ts(33,9): error TS2349: This expression is not callable.
  Type 'Number' has no call signatures.
src/controllers/userController.ts(42,14): error TS2554: Expected 0 arguments, but got 1.
src/controllers/userController.ts(44,9): error TS2349: This expression is not callable.
  Type 'Number' has no call signatures.
src/controllers/userController.ts(51,65): error TS18047: 'req.body' is possibly 'null'.
src/controllers/userController.ts(51,74): error TS2339: Property 'score' does not exist on type 'ReadableStream<Uint8Array<ArrayBuffer>>'.
src/controllers/userController.ts(52,14): error TS2554: Expected 0 arguments, but got 1.
src/controllers/userController.ts(54,9): error TS2349: This expression is not callable.
  Type 'Number' has no call signatures.
src/controllers/userController.ts(62,14): error TS2554: Expected 0 arguments, but got 1.
src/controllers/userController.ts(64,9): error TS2349: This expression is not callable.
  Type 'Number' has no call signatures.
src/routes/userRoutes.ts(7,33): error TS2769: No overload matches this call.
  The last overload gave the following error.
    Argument of type '(req: Request, res: Response) => Promise<void>' is not assignable to parameter of type 'RequestHandlerParams<ParamsDictionary, any, any, ParsedQs, Record<string, any>>'.
      Type '(req: Request, res: Response) => Promise<void>' is not assignable to type 'RequestHandler<ParamsDictionary, any, any, ParsedQs, Record<string, any>>'.
        Types of parameters 'req' and 'req' are incompatible.
          Type 'Request<ParamsDictionary, any, any, ParsedQs, Record<string, any>>' is missing the following properties from type 'Request': cache, credentials, destination, integrity, and 14 more.
src/routes/userRoutes.ts(10,75): error TS2345: Argument of type 'Request<ParamsDictionary, any, any, ParsedQs, Record<string, any>>' is not assignable to parameter of type 'Request'.
  Type 'Request<ParamsDictionary, any, any, ParsedQs, Record<string, any>>' is missing the following properties from type 'Request': cache, credentials, destination, integrity, and 14 more.
src/routes/userRoutes.ts(12,40): error TS2769: No overload matches this call.
  The last overload gave the following error.
    Argument of type '(req: Request, res: Response) => Promise<void>' is not assignable to parameter of type 'RequestHandlerParams<ParamsDictionary, any, any, ParsedQs, Record<string, any>>'.
      Type '(req: Request, res: Response) => Promise<void>' is not assignable to type 'RequestHandler<ParamsDictionary, any, any, ParsedQs, Record<string, any>>'.
        Types of parameters 'req' and 'req' are incompatible.
          Type 'Request<ParamsDictionary, any, any, ParsedQs, Record<string, any>>' is missing the following properties from type 'Request': cache, credentials, destination, integrity, and 14 more.
src/routes/userRoutes.ts(13,35): error TS2769: No overload matches this call.
  The last overload gave the following error.
    Argument of type '(req: Request, res: Response) => Promise<void>' is not assignable to parameter of type 'RequestHandlerParams<ParamsDictionary, any, any, ParsedQs, Record<string, any>>'.
      Type '(req: Request, res: Response) => Promise<void>' is not assignable to type 'RequestHandler<ParamsDictionary, any, any, ParsedQs, Record<string, any>>'.
        Types of parameters 'req' and 'req' are incompatible.
          Type 'Request<ParamsDictionary, any, any, ParsedQs, Record<string, any>>' is missing the following properties from type 'Request': cache, credentials, destination, integrity, and 14 more.
src/routes/userRoutes.ts(14,28): error TS2769: No overload matches this call.
  The last overload gave the following error.
    Argument of type '(req: Request, res: Response) => Promise<void>' is not assignable to parameter of type 'Application<Record<string, any>>'.
      Type '(req: Request, res: Response) => Promise<void>' is missing the following properties from type 'Application<Record<string, any>>': init, defaultConfiguration, engine, set, and 63 more.
